Archive member included to satisfy reference by file (symbol)

/usr/lib/gcc/arm-none-eabi/9.2.1/../../../arm-none-eabi/lib/thumb/v7-m/nofp/libc_nano.a(lib_a-atexit.o)
                              /usr/lib/gcc/arm-none-eabi/9.2.1/../../../arm-none-eabi/lib/thumb/v7-m/nofp/crt0.o (atexit)
/usr/lib/gcc/arm-none-eabi/9.2.1/../../../arm-none-eabi/lib/thumb/v7-m/nofp/libc_nano.a(lib_a-exit.o)
                              /usr/lib/gcc/arm-none-eabi/9.2.1/../../../arm-none-eabi/lib/thumb/v7-m/nofp/crt0.o (exit)
/usr/lib/gcc/arm-none-eabi/9.2.1/../../../arm-none-eabi/lib/thumb/v7-m/nofp/libc_nano.a(lib_a-fini.o)
                              /usr/lib/gcc/arm-none-eabi/9.2.1/../../../arm-none-eabi/lib/thumb/v7-m/nofp/crt0.o (__libc_fini_array)
/usr/lib/gcc/arm-none-eabi/9.2.1/../../../arm-none-eabi/lib/thumb/v7-m/nofp/libc_nano.a(lib_a-impure.o)
                              /usr/lib/gcc/arm-none-eabi/9.2.1/../../../arm-none-eabi/lib/thumb/v7-m/nofp/libc_nano.a(lib_a-exit.o) (_global_impure_ptr)
/usr/lib/gcc/arm-none-eabi/9.2.1/../../../arm-none-eabi/lib/thumb/v7-m/nofp/libc_nano.a(lib_a-init.o)
                              /usr/lib/gcc/arm-none-eabi/9.2.1/../../../arm-none-eabi/lib/thumb/v7-m/nofp/crt0.o (__libc_init_array)
/usr/lib/gcc/arm-none-eabi/9.2.1/../../../arm-none-eabi/lib/thumb/v7-m/nofp/libc_nano.a(lib_a-memmove.o)
                              build/app/analog.o (memmove)
/usr/lib/gcc/arm-none-eabi/9.2.1/../../../arm-none-eabi/lib/thumb/v7-m/nofp/libc_nano.a(lib_a-memset.o)
                              /usr/lib/gcc/arm-none-eabi/9.2.1/../../../arm-none-eabi/lib/thumb/v7-m/nofp/crt0.o (memset)
/usr/lib/gcc/arm-none-eabi/9.2.1/../../../arm-none-eabi/lib/thumb/v7-m/nofp/libc_nano.a(lib_a-strcmp.o)
                              build/app/usb_endp.o (strcmp)
/usr/lib/gcc/arm-none-eabi/9.2.1/../../../arm-none-eabi/lib/thumb/v7-m/nofp/libc_nano.a(lib_a-__atexit.o)
                              /usr/lib/gcc/arm-none-eabi/9.2.1/../../../arm-none-eabi/lib/thumb/v7-m/nofp/libc_nano.a(lib_a-atexit.o) (__register_exitproc)
/usr/lib/gcc/arm-none-eabi/9.2.1/../../../arm-none-eabi/lib/thumb/v7-m/nofp/libc_nano.a(lib_a-__call_atexit.o)
                              /usr/lib/gcc/arm-none-eabi/9.2.1/../../../arm-none-eabi/lib/thumb/v7-m/nofp/libc_nano.a(lib_a-__atexit.o) (__call_exitprocs)
/usr/lib/gcc/arm-none-eabi/9.2.1/../../../arm-none-eabi/lib/thumb/v7-m/nofp/libm.a(lib_a-wf_atan2.o)
                              build/app/tle5011.o (atan2f)
/usr/lib/gcc/arm-none-eabi/9.2.1/../../../arm-none-eabi/lib/thumb/v7-m/nofp/libm.a(lib_a-ef_atan2.o)
                              /usr/lib/gcc/arm-none-eabi/9.2.1/../../../arm-none-eabi/lib/thumb/v7-m/nofp/libm.a(lib_a-wf_atan2.o) (__ieee754_atan2f)
/usr/lib/gcc/arm-none-eabi/9.2.1/../../../arm-none-eabi/lib/thumb/v7-m/nofp/libm.a(lib_a-sf_atan.o)
                              /usr/lib/gcc/arm-none-eabi/9.2.1/../../../arm-none-eabi/lib/thumb/v7-m/nofp/libm.a(lib_a-ef_atan2.o) (atanf)
/usr/lib/gcc/arm-none-eabi/9.2.1/../../../arm-none-eabi/lib/thumb/v7-m/nofp/libm.a(lib_a-sf_fabs.o)
                              /usr/lib/gcc/arm-none-eabi/9.2.1/../../../arm-none-eabi/lib/thumb/v7-m/nofp/libm.a(lib_a-ef_atan2.o) (fabsf)
/usr/lib/gcc/arm-none-eabi/9.2.1/../../../arm-none-eabi/lib/thumb/v7-m/nofp/libnosys.a(_exit.o)
                              /usr/lib/gcc/arm-none-eabi/9.2.1/../../../arm-none-eabi/lib/thumb/v7-m/nofp/libc_nano.a(lib_a-exit.o) (_exit)
/usr/lib/gcc/arm-none-eabi/9.2.1/thumb/v7-m/nofp/libgcc.a(_arm_muldf3.o)
                              build/app/tle5011.o (__aeabi_dmul)
/usr/lib/gcc/arm-none-eabi/9.2.1/thumb/v7-m/nofp/libgcc.a(_arm_mulsf3.o)
                              build/app/analog.o (__aeabi_fmul)
/usr/lib/gcc/arm-none-eabi/9.2.1/thumb/v7-m/nofp/libgcc.a(_arm_addsubdf3.o)
                              build/app/tle5011.o (__aeabi_f2d)
/usr/lib/gcc/arm-none-eabi/9.2.1/thumb/v7-m/nofp/libgcc.a(_arm_muldivdf3.o)
                              build/app/tle5011.o (__aeabi_ddiv)
/usr/lib/gcc/arm-none-eabi/9.2.1/thumb/v7-m/nofp/libgcc.a(_arm_fixunsdfsi.o)
                              build/app/shift_registers.o (__aeabi_d2uiz)
/usr/lib/gcc/arm-none-eabi/9.2.1/thumb/v7-m/nofp/libgcc.a(_arm_truncdfsf2.o)
                              build/app/tle5011.o (__aeabi_d2f)
/usr/lib/gcc/arm-none-eabi/9.2.1/thumb/v7-m/nofp/libgcc.a(_arm_addsubsf3.o)
                              build/app/analog.o (__aeabi_fsub)
/usr/lib/gcc/arm-none-eabi/9.2.1/thumb/v7-m/nofp/libgcc.a(_arm_muldivsf3.o)
                              build/app/analog.o (__aeabi_fdiv)
/usr/lib/gcc/arm-none-eabi/9.2.1/thumb/v7-m/nofp/libgcc.a(_arm_cmpsf2.o)
                              build/app/analog.o (__aeabi_fcmplt)
/usr/lib/gcc/arm-none-eabi/9.2.1/thumb/v7-m/nofp/libgcc.a(_arm_fixsfsi.o)
                              build/app/analog.o (__aeabi_f2iz)

Allocating common symbols
Common symbol       size              file

SaveRState          0x2               build/app/usb_int.o
[...]
Memory Configuration

Name             Origin             Length             Attributes
RAM              0x0000000020000000 0x0000000000005000 xrw
FLASH            0x0000000008002000 0x000000000000e000 xr
*default*        0x0000000000000000 0xffffffffffffffff

Linker script and memory map

LOAD /usr/lib/gcc/arm-none-eabi/9.2.1/thumb/v7-m/nofp/crti.o
LOAD /usr/lib/gcc/arm-none-eabi/9.2.1/thumb/v7-m/nofp/crtbegin.o
LOAD /usr/lib/gcc/arm-none-eabi/9.2.1/../../../arm-none-eabi/lib/thumb/v7-m/nofp/crt0.o
LOAD build/app/analog.o
LOAD build/app/axis_to_buttons.o
LOAD build/app/buttons.o
LOAD build/app/crc16.o
LOAD build/app/encoders.o
LOAD build/app/config.o
LOAD build/app/leds.o
LOAD build/app/main.o
LOAD build/app/periphery.o
LOAD build/app/tle5011.o
LOAD build/app/tle5012.o
LOAD build/app/as5600.o
LOAD build/app/as5048a.o
LOAD build/app/ads1115.o
LOAD build/app/mlx90393.o
LOAD build/app/mcp320x.o
LOAD build/app/shift_registers.o
LOAD build/app/spi.o
LOAD build/app/i2c.o
LOAD build/app/stm32f10x_it.o
LOAD build/app/usb_desc.o
LOAD build/app/usb_endp.o
LOAD build/app/usb_hw.o
LOAD build/app/usb_istr.o
LOAD build/app/usb_prop.o
LOAD build/app/usb_pwr.o
LOAD build/app/system_stm32f10x.o
LOAD build/app/misc.o
LOAD build/app/stm32f10x_adc.o
LOAD build/app/stm32f10x_dma.o
LOAD build/app/stm32f10x_flash.o
LOAD build/app/stm32f10x_gpio.o
LOAD build/app/stm32f10x_rcc.o
LOAD build/app/stm32f10x_spi.o
LOAD build/app/stm32f10x_i2c.o
LOAD build/app/stm32f10x_tim.o
LOAD build/app/usb_core.o
LOAD build/app/usb_init.o
LOAD build/app/usb_int.o
LOAD build/app/usb_mem.o
LOAD build/app/usb_regs.o
LOAD build/app/usb_sil.o
LOAD build/app/startup_stm32f103xb.o
LOAD /usr/lib/gcc/arm-none-eabi/9.2.1/../../../arm-none-eabi/lib/thumb/v7-m/nofp/libc_nano.a
LOAD /usr/lib/gcc/arm-none-eabi/9.2.1/../../../arm-none-eabi/lib/thumb/v7-m/nofp/libm.a
LOAD /usr/lib/gcc/arm-none-eabi/9.2.1/../../../arm-none-eabi/lib/thumb/v7-m/nofp/libnosys.a
START GROUP
LOAD /usr/lib/gcc/arm-none-eabi/9.2.1/thumb/v7-m/nofp/libgcc.a
LOAD /usr/lib/gcc/arm-none-eabi/9.2.1/../../../arm-none-eabi/lib/thumb/v7-m/nofp/libc_nano.a
END GROUP
START GROUP
LOAD /usr/lib/gcc/arm-none-eabi/9.2.1/thumb/v7-m/nofp/libgcc.a
LOAD /usr/lib/gcc/arm-none-eabi/9.2.1/../../../arm-none-eabi/lib/thumb/v7-m/nofp/libc_nano.a
END GROUP
LOAD /usr/lib/gcc/arm-none-eabi/9.2.1/thumb/v7-m/nofp/crtend.o
LOAD /usr/lib/gcc/arm-none-eabi/9.2.1/thumb/v7-m/nofp/crtn.o
                0x0000000020005000                _estack = 0x20005000
                0x0000000000000200                _Min_Heap_Size = 0x200
                0x0000000000000400                _Min_Stack_Size = 0x400

.isr_vector     0x0000000008002000      0x10c
                0x0000000008002000                . = ALIGN (0x4)
 *(.isr_vector)
 .isr_vector    0x0000000008002000      0x10c build/app/startup_stm32f103xb.o
                0x0000000008002000                g_pfnVectors
                0x000000000800210c                . = ALIGN (0x4)

.text           0x0000000008002110     0xc340
                0x0000000008002110                . = ALIGN (0x4)
 *(.text)
 .text          0x0000000008002110       0x88 /usr/lib/gcc/arm-none-eabi/9.2.1/thumb/v7-m/nofp/crtbegin.o
 .text          0x0000000008002198       0x48 /usr/lib/gcc/arm-none-eabi/9.2.1/../../../arm-none-eabi/lib/thumb/v7-m/nofp/libc_nano.a(lib_a-init.o)
                0x0000000008002198                __libc_init_array
 .text          0x00000000080021e0       0xa0 /usr/lib/gcc/arm-none-eabi/9.2.1/../../../arm-none-eabi/lib/thumb/v7-m/nofp/libc_nano.a(lib_a-memset.o)
                0x00000000080021e0                memset
 .text          0x0000000008002280      0x1bc /usr/lib/gcc/arm-none-eabi/9.2.1/../../../arm-none-eabi/lib/thumb/v7-m/nofp/libc_nano.a(lib_a-strcmp.o)
                0x0000000008002280                strcmp
 .text          0x000000000800243c        0x4 /usr/lib/gcc/arm-none-eabi/9.2.1/../../../arm-none-eabi/lib/thumb/v7-m/nofp/libm.a(lib_a-wf_atan2.o)
                0x000000000800243c                atan2f
 .text          0x0000000008002440      0x120 /usr/lib/gcc/arm-none-eabi/9.2.1/../../../arm-none-eabi/lib/thumb/v7-m/nofp/libm.a(lib_a-ef_atan2.o)
                0x0000000008002440                __ieee754_atan2f
 .text          0x0000000008002560      0x218 /usr/lib/gcc/arm-none-eabi/9.2.1/../../../arm-none-eabi/lib/thumb/v7-m/nofp/libm.a(lib_a-sf_atan.o)
                0x0000000008002560                atanf
 .text          0x0000000008002778        0x8 /usr/lib/gcc/arm-none-eabi/9.2.1/../../../arm-none-eabi/lib/thumb/v7-m/nofp/libm.a(lib_a-sf_fabs.o)
                0x0000000008002778                fabsf
 .text          0x0000000008002780      0x378 /usr/lib/gcc/arm-none-eabi/9.2.1/thumb/v7-m/nofp/libgcc.a(_arm_addsubdf3.o)
                0x0000000008002780                __aeabi_drsub
                0x0000000008002788                __aeabi_dsub
                0x0000000008002788                __subdf3
                0x000000000800278c                __adddf3
                0x000000000800278c                __aeabi_dadd
                0x0000000008002a04                __aeabi_ui2d
                0x0000000008002a04                __floatunsidf
                0x0000000008002a24                __floatsidf
                0x0000000008002a24                __aeabi_i2d
                0x0000000008002a48                __extendsfdf2
                0x0000000008002a48                __aeabi_f2d
                0x0000000008002a8c                __aeabi_ul2d
                0x0000000008002a8c                __floatundidf
                0x0000000008002a9c                __floatdidf
                0x0000000008002a9c                __aeabi_l2d
 .text          0x0000000008002af8      0x424 /usr/lib/gcc/arm-none-eabi/9.2.1/thumb/v7-m/nofp/libgcc.a(_arm_muldivdf3.o)
                0x0000000008002af8                __aeabi_dmul
                0x0000000008002af8                __muldf3
                0x0000000008002d4c                __aeabi_ddiv
                0x0000000008002d4c                __divdf3
 .text          0x0000000008002f1c       0x40 /usr/lib/gcc/arm-none-eabi/9.2.1/thumb/v7-m/nofp/libgcc.a(_arm_fixunsdfsi.o)
                0x0000000008002f1c                __fixunsdfsi
                0x0000000008002f1c                __aeabi_d2uiz
 .text          0x0000000008002f5c       0xa0 /usr/lib/gcc/arm-none-eabi/9.2.1/thumb/v7-m/nofp/libgcc.a(_arm_truncdfsf2.o)
                0x0000000008002f5c                __aeabi_d2f
                0x0000000008002f5c                __truncdfsf2
 .text          0x0000000008002ffc      0x21c /usr/lib/gcc/arm-none-eabi/9.2.1/thumb/v7-m/nofp/libgcc.a(_arm_addsubsf3.o)
                0x0000000008002ffc                __aeabi_frsub
                0x0000000008003004                __subsf3
                0x0000000008003004                __aeabi_fsub
                0x0000000008003008                __aeabi_fadd
                0x0000000008003008                __addsf3
                0x0000000008003168                __aeabi_ui2f
                0x0000000008003168                __floatunsisf
                0x0000000008003170                __aeabi_i2f
                0x0000000008003170                __floatsisf
                0x000000000800318c                __floatundisf
                0x000000000800318c                __aeabi_ul2f
                0x000000000800319c                __floatdisf
                0x000000000800319c                __aeabi_l2f
 .text          0x0000000008003218      0x2a0 /usr/lib/gcc/arm-none-eabi/9.2.1/thumb/v7-m/nofp/libgcc.a(_arm_muldivsf3.o)
                0x0000000008003218                __mulsf3
                0x0000000008003218                __aeabi_fmul
                0x0000000008003380                __divsf3
                0x0000000008003380                __aeabi_fdiv
 .text          0x00000000080034b8       0xec /usr/lib/gcc/arm-none-eabi/9.2.1/thumb/v7-m/nofp/libgcc.a(_arm_cmpsf2.o)
                0x00000000080034b8                __gtsf2
                0x00000000080034b8                __gesf2
                0x00000000080034c0                __lesf2
                0x00000000080034c0                __ltsf2
                0x00000000080034c8                __nesf2
                0x00000000080034c8                __eqsf2
                0x00000000080034c8                __cmpsf2
                0x0000000008003528                __aeabi_cfrcmple
                0x0000000008003530                __aeabi_cfcmple
                0x0000000008003530                __aeabi_cfcmpeq
                0x0000000008003540                __aeabi_fcmpeq
                0x0000000008003554                __aeabi_fcmplt
                0x0000000008003568                __aeabi_fcmple
                0x000000000800357c                __aeabi_fcmpge
                0x0000000008003590                __aeabi_fcmpgt
 .text          0x00000000080035a4       0x4c /usr/lib/gcc/arm-none-eabi/9.2.1/thumb/v7-m/nofp/libgcc.a(_arm_fixsfsi.o)
                0x00000000080035a4                __fixsfsi
                0x00000000080035a4                __aeabi_f2iz
 *(.text*)
 .text.ShapeFunc.constprop.0
                0x00000000080035f0       0xf0 build/app/analog.o
 .text.Filter   0x00000000080036e0      0x144 build/app/analog.o
                0x00000000080036e0                Filter
 .text.AxesInit
                0x0000000008003824     0x1278 build/app/analog.o
                0x0000000008003824                AxesInit
 .text.ADC_Conversion
                0x0000000008004a9c      0x144 build/app/analog.o
                0x0000000008004a9c                ADC_Conversion
 .text.AxesProcess
                0x0000000008004be0     0x14b4 build/app/analog.o
                0x0000000008004be0                AxesProcess
 .text.AnalogGet
                0x0000000008006094       0x4c build/app/analog.o
                0x0000000008006094                AnalogGet
 .text.AxisToButtonsGet
                0x00000000080060e0      0x24c build/app/axis_to_buttons.o
                0x00000000080060e0                AxisToButtonsGet
 .text.LogicalButtonProcessTimer
                0x000000000800632c       0xa0 build/app/buttons.o
 .text.LogicalButtonProcessState.constprop.0
                0x00000000080063cc      0x4ec build/app/buttons.o
 .text.ButtonsDebouceProcess
                0x00000000080068b8      0x11c build/app/buttons.o
                0x00000000080068b8                ButtonsDebouceProcess
 .text.RadioButtons_Init
                0x00000000080069d4       0x48 build/app/buttons.o
                0x00000000080069d4                RadioButtons_Init
 .text.SequentialButtons_Init
                0x0000000008006a1c       0x88 build/app/buttons.o
                0x0000000008006a1c                SequentialButtons_Init
 .text.MaxtrixButtonsGet
                0x0000000008006aa4       0xac build/app/buttons.o
                0x0000000008006aa4                MaxtrixButtonsGet
 .text.ButtonsReadPhysical
                0x0000000008006b50       0xac build/app/buttons.o
                0x0000000008006b50                ButtonsReadPhysical
 .text.ButtonsReadLogical
                0x0000000008006bfc      0x534 build/app/buttons.o
                0x0000000008006bfc                ButtonsReadLogical
 .text.ButtonsGet
                0x0000000008007130       0x5c build/app/buttons.o
                0x0000000008007130                ButtonsGet
 .text.POVsGet  0x000000000800718c       0x10 build/app/buttons.o
                0x000000000800718c                POVsGet
 .text.EncoderProcess
                0x000000000800719c      0x734 build/app/encoders.o
                0x000000000800719c                EncoderProcess
 .text.EncodersInit
                0x00000000080078d0      0x198 build/app/encoders.o
                0x00000000080078d0                EncodersInit
 .text.DevConfigSet
                0x0000000008007a68       0x3c build/app/config.o
                0x0000000008007a68                DevConfigSet
 .text.DevConfigGet
                0x0000000008007aa4       0x24 build/app/config.o
                0x0000000008007aa4                DevConfigGet
 .text.AppConfigInit
                0x0000000008007ac8      0x204 build/app/config.o
                0x0000000008007ac8                AppConfigInit
 .text.AppConfigGet
                0x0000000008007ccc       0x10 build/app/config.o
                0x0000000008007ccc                AppConfigGet
 .text.LED_SetMatrix
                0x0000000008007cdc      0x144 build/app/leds.o
                0x0000000008007cdc                LED_SetMatrix
 .text.LEDs_PhysicalProcess
                0x0000000008007e20       0xb8 build/app/leds.o
                0x0000000008007e20                LEDs_PhysicalProcess
 .text.EnterBootloader
                0x0000000008007ed8       0x54 build/app/main.o
                0x0000000008007ed8                EnterBootloader
 .text.startup.main
                0x0000000008007f2c       0xd0 build/app/main.o
                0x0000000008007f2c                main
 .text.SysTick_Init
                0x0000000008007ffc       0x3c build/app/periphery.o
                0x0000000008007ffc                SysTick_Init
 .text.Timers_Init
                0x0000000008008038      0x1e0 build/app/periphery.o
                0x0000000008008038                Timers_Init
 .text.PWM_SetFromAxis
                0x0000000008008218      0x1c0 build/app/periphery.o
                0x0000000008008218                PWM_SetFromAxis
 .text.GetTick  0x00000000080083d8        0xc build/app/periphery.o
                0x00000000080083d8                GetTick
 .text.Delay_ms
                0x00000000080083e4       0x10 build/app/periphery.o
                0x00000000080083e4                Delay_ms
 .text.Delay_us
                0x00000000080083f4        0x4 build/app/periphery.o
                0x00000000080083f4                Delay_us
 .text.Generator_Init
                0x00000000080083f8       0x70 build/app/periphery.o
                0x00000000080083f8                Generator_Init
 .text.IO_Init  0x0000000008008468      0x2dc build/app/periphery.o
                0x0000000008008468                IO_Init
 *fill*         0x0000000008008744        0x4 
 .text.TLE5011_GetAngle
                0x0000000008008748      0x27c build/app/tle5011.o
                0x0000000008008748                TLE5011_GetAngle
 .text.TLE5011_StartDMA
                0x00000000080089c4       0x50 build/app/tle5011.o
                0x00000000080089c4                TLE5011_StartDMA
 .text.TLE5011_StopDMA
                0x0000000008008a14       0x60 build/app/tle5011.o
                0x0000000008008a14                TLE5011_StopDMA
 .text.TLE5012_GetAngle
                0x0000000008008a74      0x254 build/app/tle5012.o
                0x0000000008008a74                TLE5012_GetAngle
 .text.TLE5012_StartDMA
                0x0000000008008cc8       0x34 build/app/tle5012.o
                0x0000000008008cc8                TLE5012_StartDMA
 .text.TLE5012_StopDMA
                0x0000000008008cfc       0x60 build/app/tle5012.o
                0x0000000008008cfc                TLE5012_StopDMA
 .text.AS5600_Init
                0x0000000008008d5c        0x4 build/app/as5600.o
                0x0000000008008d5c                AS5600_Init
 .text.AS5600_GetScaledData
                0x0000000008008d60        0xc build/app/as5600.o
                0x0000000008008d60                AS5600_GetScaledData
 .text.AS5600_StartDMA
                0x0000000008008d6c       0x2c build/app/as5600.o
                0x0000000008008d6c                AS5600_StartDMA
 .text.AS5048A_GetData
                0x0000000008008d98       0xa0 build/app/as5048a.o
                0x0000000008008d98                AS5048A_GetData
 .text.AS5048A_StartDMA
                0x0000000008008e38       0x40 build/app/as5048a.o
                0x0000000008008e38                AS5048A_StartDMA
 .text.AS5048A_StopDMA
                0x0000000008008e78       0x34 build/app/as5048a.o
                0x0000000008008e78                AS5048A_StopDMA
 .text.ADS1115_Init
                0x0000000008008eac       0x38 build/app/ads1115.o
                0x0000000008008eac                ADS1115_Init
 .text.ADS1115_GetData
                0x0000000008008ee4       0x10 build/app/ads1115.o
                0x0000000008008ee4                ADS1115_GetData
 .text.ADS1115_StartDMA
                0x0000000008008ef4       0x30 build/app/ads1115.o
                0x0000000008008ef4                ADS1115_StartDMA
 .text.ADS1115_SetMuxDMA
                0x0000000008008f24       0x34 build/app/ads1115.o
                0x0000000008008f24                ADS1115_SetMuxDMA
 .text.MLX90393_Start
                0x0000000008008f58      0x354 build/app/mlx90393.o
                0x0000000008008f58                MLX90393_Start
 .text.MLX90393_GetData
                0x00000000080092ac       0x28 build/app/mlx90393.o
                0x00000000080092ac                MLX90393_GetData
 .text.MLX90393_StartDMA
                0x00000000080092d4       0x60 build/app/mlx90393.o
                0x00000000080092d4                MLX90393_StartDMA
 .text.MLX90393_StopDMA
                0x0000000008009334       0x4c build/app/mlx90393.o
                0x0000000008009334                MLX90393_StopDMA
 .text.MCP320x_GetData
                0x0000000008009380       0x2c build/app/mcp320x.o
                0x0000000008009380                MCP320x_GetData
 .text.MCP320x_StartDMA
                0x00000000080093ac       0xa0 build/app/mcp320x.o
                0x00000000080093ac                MCP320x_StartDMA
 .text.MCP320x_StopDMA
                0x000000000800944c       0x34 build/app/mcp320x.o
                0x000000000800944c                MCP320x_StopDMA
 .text.ShiftRegistersInit
                0x0000000008009480      0x114 build/app/shift_registers.o
                0x0000000008009480                ShiftRegistersInit
 .text.ShiftRegisterRead
                0x0000000008009594      0x4d0 build/app/shift_registers.o
                0x0000000008009594                ShiftRegisterRead
 .text.ShiftRegistersGet
                0x0000000008009a64       0x80 build/app/shift_registers.o
                0x0000000008009a64                ShiftRegistersGet
 .text.SPI_Start
                0x0000000008009ae4       0x64 build/app/spi.o
                0x0000000008009ae4                SPI_Start
 .text.SPI_HalfDuplex_Transmit
                0x0000000008009b48       0xb4 build/app/spi.o
                0x0000000008009b48                SPI_HalfDuplex_Transmit
 .text.SPI_HalfDuplex_Receive
                0x0000000008009bfc       0x98 build/app/spi.o
                0x0000000008009bfc                SPI_HalfDuplex_Receive
 .text.SPI_FullDuplex_TransmitReceive
                0x0000000008009c94       0xec build/app/spi.o
                0x0000000008009c94                SPI_FullDuplex_TransmitReceive
 .text.I2C_Start
                0x0000000008009d80       0x6c build/app/i2c.o
                0x0000000008009d80                I2C_Start
 .text.I2C_WriteBlocking
                0x0000000008009dec       0xfc build/app/i2c.o
                0x0000000008009dec                I2C_WriteBlocking
 .text.I2C_ReadBlocking
                0x0000000008009ee8      0x19c build/app/i2c.o
                0x0000000008009ee8                I2C_ReadBlocking
 .text.I2C_WriteNonBlocking
                0x000000000800a084      0x154 build/app/i2c.o
                0x000000000800a084                I2C_WriteNonBlocking
 .text.I2C_ReadNonBlocking
                0x000000000800a1d8      0x240 build/app/i2c.o
                0x000000000800a1d8                I2C_ReadNonBlocking
 .text.NMI_Handler
                0x000000000800a418        0x4 build/app/stm32f10x_it.o
                0x000000000800a418                NMI_Handler
 .text.HardFault_Handler
                0x000000000800a41c        0x4 build/app/stm32f10x_it.o
                0x000000000800a41c                HardFault_Handler
 .text.MemManage_Handler
                0x000000000800a420        0x4 build/app/stm32f10x_it.o
                0x000000000800a420                MemManage_Handler
 .text.BusFault_Handler
                0x000000000800a424        0x4 build/app/stm32f10x_it.o
                0x000000000800a424                BusFault_Handler
 .text.UsageFault_Handler
                0x000000000800a428        0x4 build/app/stm32f10x_it.o
                0x000000000800a428                UsageFault_Handler
 .text.SVC_Handler
                0x000000000800a42c        0x4 build/app/stm32f10x_it.o
                0x000000000800a42c                SVC_Handler
 .text.DebugMon_Handler
                0x000000000800a430        0x4 build/app/stm32f10x_it.o
                0x000000000800a430                DebugMon_Handler
 .text.PendSV_Handler
                0x000000000800a434        0x4 build/app/stm32f10x_it.o
                0x000000000800a434                PendSV_Handler
 .text.SysTick_Handler
                0x000000000800a438       0x14 build/app/stm32f10x_it.o
                0x000000000800a438                SysTick_Handler
 .text.TIM2_IRQHandler
                0x000000000800a44c      0x6f8 build/app/stm32f10x_it.o
                0x000000000800a44c                TIM2_IRQHandler
 .text.DMA1_Channel2_IRQHandler
                0x000000000800ab44      0x224 build/app/stm32f10x_it.o
                0x000000000800ab44                DMA1_Channel2_IRQHandler
 .text.DMA1_Channel3_IRQHandler
                0x000000000800ad68      0x12c build/app/stm32f10x_it.o
                0x000000000800ad68                DMA1_Channel3_IRQHandler
 .text.DMA1_Channel4_IRQHandler
                0x000000000800ae94      0x438 build/app/stm32f10x_it.o
                0x000000000800ae94                DMA1_Channel4_IRQHandler
 .text.DMA1_Channel5_IRQHandler
                0x000000000800b2cc      0x278 build/app/stm32f10x_it.o
                0x000000000800b2cc                DMA1_Channel5_IRQHandler
 .text.I2C2_ER_IRQHandler
                0x000000000800b544       0x8c build/app/stm32f10x_it.o
                0x000000000800b544                I2C2_ER_IRQHandler
 .text.USB_LP_CAN1_RX0_IRQHandler
                0x000000000800b5d0        0x4 build/app/stm32f10x_it.o
                0x000000000800b5d0                USB_LP_CAN1_RX0_IRQHandler
 .text.EP1_OUT_Callback
                0x000000000800b5d4        0xc build/app/usb_endp.o
                0x000000000800b5d4                EP1_OUT_Callback
 .text.EP2_OUT_Callback
                0x000000000800b5e0      0x288 build/app/usb_endp.o
                0x000000000800b5e0                EP2_OUT_Callback
 .text.EP1_IN_Callback
                0x000000000800b868        0xc build/app/usb_endp.o
                0x000000000800b868                EP1_IN_Callback
 .text.EP2_IN_Callback
                0x000000000800b874        0xc build/app/usb_endp.o
                0x000000000800b874                EP2_IN_Callback
 .text.USB_CUSTOM_HID_SendReport
                0x000000000800b880       0x50 build/app/usb_endp.o
                0x000000000800b880                USB_CUSTOM_HID_SendReport
 .text.Get_SerialNum
                0x000000000800b8d0      0x104 build/app/usb_hw.o
                0x000000000800b8d0                Get_SerialNum
 .text.Get_ProductStr
                0x000000000800b9d4       0x34 build/app/usb_hw.o
                0x000000000800b9d4                Get_ProductStr
 .text.Get_VidPid
                0x000000000800ba08       0x2c build/app/usb_hw.o
                0x000000000800ba08                Get_VidPid
 .text.Get_ReportDesc
                0x000000000800ba34      0x318 build/app/usb_hw.o
                0x000000000800ba34                Get_ReportDesc
 .text.USB_HW_Init
                0x000000000800bd4c       0x78 build/app/usb_hw.o
                0x000000000800bd4c                USB_HW_Init
 .text.USB_HW_DeInit
                0x000000000800bdc4       0x38 build/app/usb_hw.o
                0x000000000800bdc4                USB_HW_DeInit
 .text.USB_Istr
                0x000000000800bdfc      0x1b0 build/app/usb_istr.o
                0x000000000800bdfc                USB_Istr
 .text.CustomHID_SetConfiguration
                0x000000000800bfac       0x18 build/app/usb_prop.o
                0x000000000800bfac                CustomHID_SetConfiguration
 .text.CustomHID_SetDeviceAddress
                0x000000000800bfc4        0xc build/app/usb_prop.o
                0x000000000800bfc4                CustomHID_SetDeviceAddress
 .text.CustomHID_Status_In
                0x000000000800bfd0        0x4 build/app/usb_prop.o
                0x000000000800bfd0                CustomHID_Status_In
 .text.CustomHID_Data_Setup
                0x000000000800bfd4       0x88 build/app/usb_prop.o
                0x000000000800bfd4                CustomHID_Data_Setup
 .text.CustomHID_SetReport_Feature
                0x000000000800c05c       0x18 build/app/usb_prop.o
                0x000000000800c05c                CustomHID_SetReport_Feature
 .text.CustomHID_NoData_Setup
                0x000000000800c074       0x28 build/app/usb_prop.o
                0x000000000800c074                CustomHID_NoData_Setup
 .text.CustomHID_Get_Interface_Setting
                0x000000000800c09c       0x10 build/app/usb_prop.o
                0x000000000800c09c                CustomHID_Get_Interface_Setting
 .text.CustomHID_GetProtocolValue
                0x000000000800c0ac       0x18 build/app/usb_prop.o
                0x000000000800c0ac                CustomHID_GetProtocolValue
 .text.CustomHID_init
                0x000000000800c0c4       0x38 build/app/usb_prop.o
                0x000000000800c0c4                CustomHID_init
 .text.CustomHID_Reset
                0x000000000800c0fc       0xfc build/app/usb_prop.o
                0x000000000800c0fc                CustomHID_Reset
 .text.CustomHID_GetDeviceDescriptor
                0x000000000800c1f8        0xc build/app/usb_prop.o
                0x000000000800c1f8                CustomHID_GetDeviceDescriptor
 .text.CustomHID_GetConfigDescriptor
                0x000000000800c204        0xc build/app/usb_prop.o
                0x000000000800c204                CustomHID_GetConfigDescriptor
 .text.CustomHID_GetStringDescriptor
                0x000000000800c210       0x20 build/app/usb_prop.o
                0x000000000800c210                CustomHID_GetStringDescriptor
 .text.JoystickHID_GetReportDescriptor
                0x000000000800c230        0xc build/app/usb_prop.o
                0x000000000800c230                JoystickHID_GetReportDescriptor
 .text.CustomHID_GetReportDescriptor
                0x000000000800c23c        0xc build/app/usb_prop.o
                0x000000000800c23c                CustomHID_GetReportDescriptor
 .text.JoystickHID_GetHIDDescriptor
                0x000000000800c248        0xc build/app/usb_prop.o
                0x000000000800c248                JoystickHID_GetHIDDescriptor
 .text.CustomHID_GetHIDDescriptor
                0x000000000800c254        0xc build/app/usb_prop.o
                0x000000000800c254                CustomHID_GetHIDDescriptor
 .text.CustomHID_Status_Out
                0x000000000800c260        0x4 build/app/usb_prop.o
                0x000000000800c260                CustomHID_Status_Out
 .text.PowerOn  0x000000000800c264       0x34 build/app/usb_pwr.o
                0x000000000800c264                PowerOn
 .text.PowerOff
                0x000000000800c298       0x20 build/app/usb_pwr.o
                0x000000000800c298                PowerOff
 .text.Suspend  0x000000000800c2b8       0xc8 build/app/usb_pwr.o
                0x000000000800c2b8                Suspend
 .text.Resume   0x000000000800c380       0xd4 build/app/usb_pwr.o
                0x000000000800c380                Resume
 .text.SystemInit
                0x000000000800c454      0x104 build/app/system_stm32f10x.o
                0x000000000800c454                SystemInit
 .text.NVIC_PriorityGroupConfig
                0x000000000800c558       0x14 build/app/misc.o
                0x000000000800c558                NVIC_PriorityGroupConfig
 .text.NVIC_Init
                0x000000000800c56c       0x64 build/app/misc.o
                0x000000000800c56c                NVIC_Init
 .text.ADC_Init
                0x000000000800c5d0       0x48 build/app/stm32f10x_adc.o
                0x000000000800c5d0                ADC_Init
 .text.ADC_Cmd  0x000000000800c618       0x14 build/app/stm32f10x_adc.o
                0x000000000800c618                ADC_Cmd
 .text.ADC_DMACmd
                0x000000000800c62c       0x14 build/app/stm32f10x_adc.o
                0x000000000800c62c                ADC_DMACmd
 .text.ADC_ResetCalibration
                0x000000000800c640        0xc build/app/stm32f10x_adc.o
                0x000000000800c640                ADC_ResetCalibration
 .text.ADC_GetResetCalibrationStatus
                0x000000000800c64c        0x8 build/app/stm32f10x_adc.o
                0x000000000800c64c                ADC_GetResetCalibrationStatus
 .text.ADC_StartCalibration
                0x000000000800c654        0xc build/app/stm32f10x_adc.o
                0x000000000800c654                ADC_StartCalibration
 .text.ADC_GetCalibrationStatus
                0x000000000800c660        0x8 build/app/stm32f10x_adc.o
                0x000000000800c660                ADC_GetCalibrationStatus
 .text.ADC_SoftwareStartConvCmd
                0x000000000800c668       0x14 build/app/stm32f10x_adc.o
                0x000000000800c668                ADC_SoftwareStartConvCmd
 .text.ADC_RegularChannelConfig
                0x000000000800c67c       0x94 build/app/stm32f10x_adc.o
                0x000000000800c67c                ADC_RegularChannelConfig
 .text.DMA_DeInit
                0x000000000800c710      0x130 build/app/stm32f10x_dma.o
                0x000000000800c710                DMA_DeInit
 .text.DMA_Init
                0x000000000800c840       0x40 build/app/stm32f10x_dma.o
                0x000000000800c840                DMA_Init
 .text.DMA_Cmd  0x000000000800c880       0x18 build/app/stm32f10x_dma.o
                0x000000000800c880                DMA_Cmd
 .text.DMA_ITConfig
                0x000000000800c898       0x14 build/app/stm32f10x_dma.o
                0x000000000800c898                DMA_ITConfig
 .text.DMA_SetCurrDataCounter
                0x000000000800c8ac        0x4 build/app/stm32f10x_dma.o
                0x000000000800c8ac                DMA_SetCurrDataCounter
 .text.DMA_GetCurrDataCounter
                0x000000000800c8b0        0x8 build/app/stm32f10x_dma.o
                0x000000000800c8b0                DMA_GetCurrDataCounter
 .text.DMA_GetFlagStatus
                0x000000000800c8b8       0x1c build/app/stm32f10x_dma.o
                0x000000000800c8b8                DMA_GetFlagStatus
 .text.DMA_ClearFlag
                0x000000000800c8d4       0x14 build/app/stm32f10x_dma.o
                0x000000000800c8d4                DMA_ClearFlag
 .text.DMA_GetITStatus
                0x000000000800c8e8       0x1c build/app/stm32f10x_dma.o
                0x000000000800c8e8                DMA_GetITStatus
 .text.DMA_ClearITPendingBit
                0x000000000800c904       0x14 build/app/stm32f10x_dma.o
                0x000000000800c904                DMA_ClearITPendingBit
 .text.FLASH_Unlock
                0x000000000800c918       0x18 build/app/stm32f10x_flash.o
                0x000000000800c918                FLASH_Unlock
 .text.FLASH_Lock
                0x000000000800c930       0x10 build/app/stm32f10x_flash.o
                0x000000000800c930                FLASH_Lock
 .text.FLASH_ErasePage
                0x000000000800c940       0xd0 build/app/stm32f10x_flash.o
                0x000000000800c940                FLASH_ErasePage
 .text.FLASH_ProgramWord
                0x000000000800ca10      0x120 build/app/stm32f10x_flash.o
                0x000000000800ca10                FLASH_ProgramWord
 .text.GPIO_Init
                0x000000000800cb30      0x30c build/app/stm32f10x_gpio.o
                0x000000000800cb30                GPIO_Init
 .text.GPIO_ReadInputDataBit
                0x000000000800ce3c        0xc build/app/stm32f10x_gpio.o
                0x000000000800ce3c                GPIO_ReadInputDataBit
 .text.GPIO_WriteBit
                0x000000000800ce48        0xc build/app/stm32f10x_gpio.o
                0x000000000800ce48                GPIO_WriteBit
 .text.GPIO_PinRemapConfig
                0x000000000800ce54       0x6c build/app/stm32f10x_gpio.o
                0x000000000800ce54                GPIO_PinRemapConfig
 .text.RCC_USBCLKConfig
                0x000000000800cec0        0xc build/app/stm32f10x_rcc.o
                0x000000000800cec0                RCC_USBCLKConfig
 .text.RCC_GetClocksFreq
                0x000000000800cecc       0x90 build/app/stm32f10x_rcc.o
                0x000000000800cecc                RCC_GetClocksFreq
 .text.RCC_AHBPeriphClockCmd
                0x000000000800cf5c       0x18 build/app/stm32f10x_rcc.o
                0x000000000800cf5c                RCC_AHBPeriphClockCmd
 .text.RCC_APB2PeriphClockCmd
                0x000000000800cf74       0x18 build/app/stm32f10x_rcc.o
                0x000000000800cf74                RCC_APB2PeriphClockCmd
 .text.RCC_APB1PeriphClockCmd
                0x000000000800cf8c       0x18 build/app/stm32f10x_rcc.o
                0x000000000800cf8c                RCC_APB1PeriphClockCmd
 .text.SPI_Init
                0x000000000800cfa4       0x40 build/app/stm32f10x_spi.o
                0x000000000800cfa4                SPI_Init
 .text.SPI_Cmd  0x000000000800cfe4       0x1c build/app/stm32f10x_spi.o
                0x000000000800cfe4                SPI_Cmd
 .text.SPI_I2S_DMACmd
                0x000000000800d000       0x14 build/app/stm32f10x_spi.o
                0x000000000800d000                SPI_I2S_DMACmd
 .text.SPI_I2S_ReceiveData
                0x000000000800d014        0x8 build/app/stm32f10x_spi.o
                0x000000000800d014                SPI_I2S_ReceiveData
 .text.SPI_BiDirectionalLineConfig
                0x000000000800d01c       0x20 build/app/stm32f10x_spi.o
                0x000000000800d01c                SPI_BiDirectionalLineConfig
 .text.SPI_I2S_GetFlagStatus
                0x000000000800d03c        0xc build/app/stm32f10x_spi.o
                0x000000000800d03c                SPI_I2S_GetFlagStatus
 .text.I2C_Init
                0x000000000800d048       0xe0 build/app/stm32f10x_i2c.o
                0x000000000800d048                I2C_Init
 .text.I2C_Cmd  0x000000000800d128       0x1c build/app/stm32f10x_i2c.o
                0x000000000800d128                I2C_Cmd
 .text.I2C_DMACmd
                0x000000000800d144       0x1c build/app/stm32f10x_i2c.o
                0x000000000800d144                I2C_DMACmd
 .text.I2C_DMALastTransferCmd
                0x000000000800d160       0x1c build/app/stm32f10x_i2c.o
                0x000000000800d160                I2C_DMALastTransferCmd
 .text.I2C_GenerateSTART
                0x000000000800d17c       0x1c build/app/stm32f10x_i2c.o
                0x000000000800d17c                I2C_GenerateSTART
 .text.I2C_GenerateSTOP
                0x000000000800d198       0x1c build/app/stm32f10x_i2c.o
                0x000000000800d198                I2C_GenerateSTOP
 .text.I2C_AcknowledgeConfig
                0x000000000800d1b4       0x1c build/app/stm32f10x_i2c.o
                0x000000000800d1b4                I2C_AcknowledgeConfig
 .text.I2C_ITConfig
                0x000000000800d1d0       0x14 build/app/stm32f10x_i2c.o
                0x000000000800d1d0                I2C_ITConfig
 .text.I2C_SendData
                0x000000000800d1e4        0x4 build/app/stm32f10x_i2c.o
                0x000000000800d1e4                I2C_SendData
 .text.I2C_Send7bitAddress
                0x000000000800d1e8       0x18 build/app/stm32f10x_i2c.o
                0x000000000800d1e8                I2C_Send7bitAddress
 .text.I2C_NACKPositionConfig
                0x000000000800d200       0x20 build/app/stm32f10x_i2c.o
                0x000000000800d200                I2C_NACKPositionConfig
 .text.I2C_CheckEvent
                0x000000000800d220       0x1c build/app/stm32f10x_i2c.o
                0x000000000800d220                I2C_CheckEvent
 .text.I2C_GetFlagStatus
                0x000000000800d23c       0x38 build/app/stm32f10x_i2c.o
                0x000000000800d23c                I2C_GetFlagStatus
 .text.TIM_TimeBaseInit
                0x000000000800d274       0xac build/app/stm32f10x_tim.o
                0x000000000800d274                TIM_TimeBaseInit
 .text.TIM_OC1Init
                0x000000000800d320       0x8c build/app/stm32f10x_tim.o
                0x000000000800d320                TIM_OC1Init
 .text.TIM_OC3Init
                0x000000000800d3ac       0x84 build/app/stm32f10x_tim.o
                0x000000000800d3ac                TIM_OC3Init
 .text.TIM_OC4Init
                0x000000000800d430       0x6c build/app/stm32f10x_tim.o
                0x000000000800d430                TIM_OC4Init
 .text.TIM_TimeBaseStructInit
                0x000000000800d49c       0x10 build/app/stm32f10x_tim.o
                0x000000000800d49c                TIM_TimeBaseStructInit
 .text.TIM_Cmd  0x000000000800d4ac       0x1c build/app/stm32f10x_tim.o
                0x000000000800d4ac                TIM_Cmd
 .text.TIM_CtrlPWMOutputs
                0x000000000800d4c8       0x20 build/app/stm32f10x_tim.o
                0x000000000800d4c8                TIM_CtrlPWMOutputs
 .text.TIM_ITConfig
                0x000000000800d4e8       0x14 build/app/stm32f10x_tim.o
                0x000000000800d4e8                TIM_ITConfig
 .text.TIM_EncoderInterfaceConfig
                0x000000000800d4fc       0x40 build/app/stm32f10x_tim.o
                0x000000000800d4fc                TIM_EncoderInterfaceConfig
 .text.TIM_ARRPreloadConfig
                0x000000000800d53c       0x1c build/app/stm32f10x_tim.o
                0x000000000800d53c                TIM_ARRPreloadConfig
 .text.TIM_OC1PreloadConfig
                0x000000000800d558       0x10 build/app/stm32f10x_tim.o
                0x000000000800d558                TIM_OC1PreloadConfig
 .text.TIM_OC3PreloadConfig
                0x000000000800d568       0x10 build/app/stm32f10x_tim.o
                0x000000000800d568                TIM_OC3PreloadConfig
 .text.TIM_OC4PreloadConfig
                0x000000000800d578       0x14 build/app/stm32f10x_tim.o
                0x000000000800d578                TIM_OC4PreloadConfig
 .text.TIM_OC1PolarityConfig
                0x000000000800d58c       0x10 build/app/stm32f10x_tim.o
                0x000000000800d58c                TIM_OC1PolarityConfig
 .text.TIM_SetCompare1
                0x000000000800d59c        0x4 build/app/stm32f10x_tim.o
                0x000000000800d59c                TIM_SetCompare1
 .text.TIM_SetCompare3
                0x000000000800d5a0        0x4 build/app/stm32f10x_tim.o
                0x000000000800d5a0                TIM_SetCompare3
 .text.TIM_SetCompare4
                0x000000000800d5a4        0x8 build/app/stm32f10x_tim.o
                0x000000000800d5a4                TIM_SetCompare4
 .text.TIM_GetITStatus
                0x000000000800d5ac       0x18 build/app/stm32f10x_tim.o
                0x000000000800d5ac                TIM_GetITStatus
 .text.TIM_ClearITPendingBit
                0x000000000800d5c4        0x8 build/app/stm32f10x_tim.o
                0x000000000800d5c4                TIM_ClearITPendingBit
 .text.Standard_GetConfiguration
                0x000000000800d5cc       0x28 build/app/usb_core.o
                0x000000000800d5cc                Standard_GetConfiguration
 .text.Standard_GetInterface
                0x000000000800d5f4       0x28 build/app/usb_core.o
                0x000000000800d5f4                Standard_GetInterface
 .text.Standard_GetStatus
                0x000000000800d61c       0x90 build/app/usb_core.o
                0x000000000800d61c                Standard_GetStatus
 .text.DataStageIn
                0x000000000800d6ac       0xb4 build/app/usb_core.o
 .text.Standard_SetInterface
                0x000000000800d760       0x4c build/app/usb_core.o
                0x000000000800d760                Standard_SetInterface
 .text.Standard_ClearFeature
                0x000000000800d7ac       0xd0 build/app/usb_core.o
                0x000000000800d7ac                Standard_ClearFeature
 .text.Standard_SetEndPointFeature
                0x000000000800d87c       0x8c build/app/usb_core.o
                0x000000000800d87c                Standard_SetEndPointFeature
 .text.Standard_GetDescriptorData
                0x000000000800d908       0x1c build/app/usb_core.o
                0x000000000800d908                Standard_GetDescriptorData
 .text.Setup0_Process
                0x000000000800d924      0x3b8 build/app/usb_core.o
                0x000000000800d924                Setup0_Process
 .text.In0_Process
                0x000000000800dcdc       0xc8 build/app/usb_core.o
                0x000000000800dcdc                In0_Process
 .text.Out0_Process
                0x000000000800dda4      0x12c build/app/usb_core.o
                0x000000000800dda4                Out0_Process
 .text.SetDeviceAddress
                0x000000000800ded0       0x40 build/app/usb_core.o
                0x000000000800ded0                SetDeviceAddress
 .text.NOP_Process
                0x000000000800df10        0x4 build/app/usb_core.o
                0x000000000800df10                NOP_Process
 .text.USB_Init
                0x000000000800df14       0x38 build/app/usb_init.o
                0x000000000800df14                USB_Init
 .text.CTR_LP   0x000000000800df4c      0x190 build/app/usb_int.o
                0x000000000800df4c                CTR_LP
 .text.UserToPMABufferCopy
                0x000000000800e0dc       0x20 build/app/usb_mem.o
                0x000000000800e0dc                UserToPMABufferCopy
 .text.PMAToUserBufferCopy
                0x000000000800e0fc       0x24 build/app/usb_mem.o
                0x000000000800e0fc                PMAToUserBufferCopy
 .text.SetISTR  0x000000000800e120        0xc build/app/usb_regs.o
                0x000000000800e120                SetISTR
 .text.SetBTABLE
                0x000000000800e12c       0x10 build/app/usb_regs.o
                0x000000000800e12c                SetBTABLE
 .text.SetEPType
                0x000000000800e13c       0x1c build/app/usb_regs.o
                0x000000000800e13c                SetEPType
 .text.SetEPTxStatus
                0x000000000800e158       0x34 build/app/usb_regs.o
                0x000000000800e158                SetEPTxStatus
 .text.SetEPRxStatus
                0x000000000800e18c       0x34 build/app/usb_regs.o
                0x000000000800e18c                SetEPRxStatus
 .text.SetEPTxValid
                0x000000000800e1c0       0x28 build/app/usb_regs.o
                0x000000000800e1c0                SetEPTxValid
 .text.SetEPRxValid
                0x000000000800e1e8       0x28 build/app/usb_regs.o
                0x000000000800e1e8                SetEPRxValid
 .text.Clear_Status_Out
                0x000000000800e210       0x20 build/app/usb_regs.o
                0x000000000800e210                Clear_Status_Out
 .text.ClearDTOG_RX
                0x000000000800e230       0x24 build/app/usb_regs.o
                0x000000000800e230                ClearDTOG_RX
 .text.ClearDTOG_TX
                0x000000000800e254       0x24 build/app/usb_regs.o
                0x000000000800e254                ClearDTOG_TX
 .text.SetEPTxAddr
                0x000000000800e278       0x20 build/app/usb_regs.o
                0x000000000800e278                SetEPTxAddr
 .text.SetEPRxAddr
                0x000000000800e298       0x20 build/app/usb_regs.o
                0x000000000800e298                SetEPRxAddr
 .text.GetEPTxAddr
                0x000000000800e2b8       0x1c build/app/usb_regs.o
                0x000000000800e2b8                GetEPTxAddr
 .text.GetEPRxAddr
                0x000000000800e2d4       0x1c build/app/usb_regs.o
                0x000000000800e2d4                GetEPRxAddr
 .text.SetEPTxCount
                0x000000000800e2f0       0x1c build/app/usb_regs.o
                0x000000000800e2f0                SetEPTxCount
 .text.SetEPRxCount
                0x000000000800e30c       0x44 build/app/usb_regs.o
                0x000000000800e30c                SetEPRxCount
 .text.GetEPRxCount
                0x000000000800e350       0x20 build/app/usb_regs.o
                0x000000000800e350                GetEPRxCount
 .text.ByteSwap
                0x000000000800e370        0xc build/app/usb_regs.o
                0x000000000800e370                ByteSwap
 .text.USB_SIL_Init
                0x000000000800e37c       0x24 build/app/usb_sil.o
                0x000000000800e37c                USB_SIL_Init
 .text.USB_SIL_Write
                0x000000000800e3a0       0x28 build/app/usb_sil.o
                0x000000000800e3a0                USB_SIL_Write
 .text.USB_SIL_Read
                0x000000000800e3c8       0x24 build/app/usb_sil.o
                0x000000000800e3c8                USB_SIL_Read
 .text.Reset_Handler
                0x000000000800e3ec       0x48 build/app/startup_stm32f103xb.o
                0x000000000800e3ec                Reset_Handler
 .text.Default_Handler
                0x000000000800e434        0x2 build/app/startup_stm32f103xb.o
                0x000000000800e434                RTC_Alarm_IRQHandler
                0x000000000800e434                EXTI2_IRQHandler
                0x000000000800e434                TIM1_CC_IRQHandler
                0x000000000800e434                PVD_IRQHandler
                0x000000000800e434                EXTI3_IRQHandler
                0x000000000800e434                EXTI0_IRQHandler
                0x000000000800e434                I2C2_EV_IRQHandler
                0x000000000800e434                ADC1_2_IRQHandler
                0x000000000800e434                SPI1_IRQHandler
                0x000000000800e434                TAMPER_IRQHandler
                0x000000000800e434                USART3_IRQHandler
                0x000000000800e434                RTC_IRQHandler
                0x000000000800e434                DMA1_Channel7_IRQHandler
                0x000000000800e434                CAN1_RX1_IRQHandler
                0x000000000800e434                TIM4_IRQHandler
                0x000000000800e434                I2C1_EV_IRQHandler
                0x000000000800e434                DMA1_Channel6_IRQHandler
                0x000000000800e434                TIM3_IRQHandler
                0x000000000800e434                RCC_IRQHandler
                0x000000000800e434                TIM1_TRG_COM_IRQHandler
                0x000000000800e434                DMA1_Channel1_IRQHandler
                0x000000000800e434                Default_Handler
                0x000000000800e434                EXTI15_10_IRQHandler
                0x000000000800e434                EXTI9_5_IRQHandler
                0x000000000800e434                SPI2_IRQHandler
                0x000000000800e434                EXTI4_IRQHandler
                0x000000000800e434                USB_HP_CAN1_TX_IRQHandler
                0x000000000800e434                TIM1_UP_IRQHandler
                0x000000000800e434                WWDG_IRQHandler
                0x000000000800e434                TIM1_BRK_IRQHandler
                0x000000000800e434                EXTI1_IRQHandler
                0x000000000800e434                USART2_IRQHandler
                0x000000000800e434                CAN1_SCE_IRQHandler
                0x000000000800e434                FLASH_IRQHandler
                0x000000000800e434                USART1_IRQHandler
                0x000000000800e434                I2C1_ER_IRQHandler
                0x000000000800e434                USBWakeUp_IRQHandler
 *(.glue_7)
 .glue_7        0x000000000800e436        0x0 linker stubs
 *(.glue_7t)
 .glue_7t       0x000000000800e436        0x0 linker stubs
 *(.eh_frame)
 *fill*         0x000000000800e436        0x2 
 .eh_frame      0x000000000800e438        0x0 /usr/lib/gcc/arm-none-eabi/9.2.1/thumb/v7-m/nofp/crtbegin.o
 *(.init)
 .init          0x000000000800e438        0x4 /usr/lib/gcc/arm-none-eabi/9.2.1/thumb/v7-m/nofp/crti.o
                0x000000000800e438                _init
 .init          0x000000000800e43c        0x8 /usr/lib/gcc/arm-none-eabi/9.2.1/thumb/v7-m/nofp/crtn.o
 *(.fini)
 .fini          0x000000000800e444        0x4 /usr/lib/gcc/arm-none-eabi/9.2.1/thumb/v7-m/nofp/crti.o
                0x000000000800e444                _fini
 .fini          0x000000000800e448        0x8 /usr/lib/gcc/arm-none-eabi/9.2.1/thumb/v7-m/nofp/crtn.o
                0x000000000800e450                . = ALIGN (0x4)
                0x000000000800e450                _etext = .

.vfp11_veneer   0x000000000800e450        0x0
 .vfp11_veneer  0x000000000800e450        0x0 linker stubs

.v4_bx          0x000000000800e450        0x0
 .v4_bx         0x000000000800e450        0x0 linker stubs

.iplt           0x000000000800e450        0x0
 .iplt          0x000000000800e450        0x0 /usr/lib/gcc/arm-none-eabi/9.2.1/thumb/v7-m/nofp/crtbegin.o

.rodata         0x000000000800e450      0x3b8
                0x000000000800e450                . = ALIGN (0x4)
 *(.rodata)
 .rodata        0x000000000800e450       0x20 /usr/lib/gcc/arm-none-eabi/9.2.1/../../../arm-none-eabi/lib/thumb/v7-m/nofp/libm.a(lib_a-sf_atan.o)
 *(.rodata*)
 .rodata.init_config
                0x000000000800e470      0x388 build/app/main.o
 .rodata.EP2_OUT_Callback.str1.4
                0x000000000800e7f8        0xf build/app/usb_endp.o
                0x000000000800e808                . = ALIGN (0x4)
 *fill*         0x000000000800e807        0x1 

.rel.dyn        0x000000000800e808        0x0
 .rel.iplt      0x000000000800e808        0x0 /usr/lib/gcc/arm-none-eabi/9.2.1/thumb/v7-m/nofp/crtbegin.o

.ARM.extab
 *(.ARM.extab* .gnu.linkonce.armextab.*)

.ARM            0x000000000800e808        0x0
                0x000000000800e808                __exidx_start = .
 *(.ARM.exidx*)
                0x000000000800e808                __exidx_end = .

.preinit_array  0x000000000800e808        0x0
                0x000000000800e808                PROVIDE (__preinit_array_start = .)
 *(.preinit_array*)
                0x000000000800e808                PROVIDE (__preinit_array_end = .)

.init_array     0x000000000800e808        0x4
                0x000000000800e808                PROVIDE (__init_array_start = .)
 *(SORT_BY_NAME(.init_array.*))
 *(.init_array*)
 .init_array    0x000000000800e808        0x4 /usr/lib/gcc/arm-none-eabi/9.2.1/thumb/v7-m/nofp/crtbegin.o
                0x000000000800e80c                PROVIDE (__init_array_end = .)

.fini_array     0x000000000800e80c        0x4
                0x000000000800e80c                PROVIDE (__fini_array_start = .)
 *(SORT_BY_NAME(.fini_array.*))
 *(.fini_array*)
 .fini_array    0x000000000800e80c        0x4 /usr/lib/gcc/arm-none-eabi/9.2.1/thumb/v7-m/nofp/crtbegin.o
                0x000000000800e810                PROVIDE (__fini_array_end = .)
                0x000000000800e810                _sidata = LOADADDR (.data)

.data           0x0000000020000000      0x4fc load address 0x000000000800e810
                0x0000000020000000                . = ALIGN (0x4)
                0x0000000020000000                _sdata = .
 *(.data)
 *(.data*)
 .data.FILTER_LEVEL_1_COEF
                0x0000000020000000       0x28 build/app/analog.o
                0x0000000020000000                FILTER_LEVEL_1_COEF
 .data.FILTER_LEVEL_2_COEF
                0x0000000020000028       0x28 build/app/analog.o
                0x0000000020000028                FILTER_LEVEL_2_COEF
 .data.FILTER_LEVEL_3_COEF
                0x0000000020000050       0x28 build/app/analog.o
                0x0000000020000050                FILTER_LEVEL_3_COEF
 .data.FILTER_LEVEL_4_COEF
                0x0000000020000078       0x28 build/app/analog.o
                0x0000000020000078                FILTER_LEVEL_4_COEF
 .data.FILTER_LEVEL_5_COEF
                0x00000000200000a0       0x28 build/app/analog.o
                0x00000000200000a0                FILTER_LEVEL_5_COEF
 .data.FILTER_LEVEL_6_COEF
                0x00000000200000c8       0x28 build/app/analog.o
                0x00000000200000c8                FILTER_LEVEL_6_COEF
 .data.FILTER_LEVEL_7_COEF
                0x00000000200000f0       0x28 build/app/analog.o
                0x00000000200000f0                FILTER_LEVEL_7_COEF
 .data.channel_config
                0x0000000020000118       0x40 build/app/analog.o
                0x0000000020000118                channel_config
 .data.enc_array_1
                0x0000000020000158       0x10 build/app/encoders.o
                0x0000000020000158                enc_array_1
 .data.enc_array_2
                0x0000000020000168       0x10 build/app/encoders.o
                0x0000000020000168                enc_array_2
 .data.enc_array_4
                0x0000000020000178       0x10 build/app/encoders.o
                0x0000000020000178                enc_array_4
 .data.last_row.6719
                0x0000000020000188        0x1 build/app/leds.o
 *fill*         0x0000000020000189        0x3 
 .data.pin_config
                0x000000002000018c       0xf0 build/app/periphery.o
                0x000000002000018c                pin_config
 .data.sensors_ticks
                0x000000002000027c        0x4 build/app/stm32f10x_it.o
                0x000000002000027c                sensors_ticks
 .data.Composite_ConfigDescriptor
                0x0000000020000280       0x42 build/app/usb_desc.o
                0x0000000020000280                Composite_ConfigDescriptor
 *fill*         0x00000000200002c2        0x2 
 .data.Composite_DeviceDescriptor
                0x00000000200002c4       0x12 build/app/usb_desc.o
                0x00000000200002c4                Composite_DeviceDescriptor
 *fill*         0x00000000200002d6        0x2 
 .data.Composite_StringLangID
                0x00000000200002d8        0x4 build/app/usb_desc.o
                0x00000000200002d8                Composite_StringLangID
 .data.Composite_StringProduct
                0x00000000200002dc       0x34 build/app/usb_desc.o
                0x00000000200002dc                Composite_StringProduct
 .data.Composite_StringSerial
                0x0000000020000310       0x1a build/app/usb_desc.o
                0x0000000020000310                Composite_StringSerial
 *fill*         0x000000002000032a        0x2 
 .data.Composite_StringVendor
                0x000000002000032c       0x26 build/app/usb_desc.o
                0x000000002000032c                Composite_StringVendor
 *fill*         0x0000000020000352        0x2 
 .data.CustomHID_ReportDescriptor
                0x0000000020000354       0x58 build/app/usb_desc.o
                0x0000000020000354                CustomHID_ReportDescriptor
 .data.JoystickHID_ReportDescriptor
                0x00000000200003ac       0x56 build/app/usb_desc.o
                0x00000000200003ac                JoystickHID_ReportDescriptor
 .data.EP1_PrevXferComplete
                0x0000000020000402        0x1 build/app/usb_endp.o
                0x0000000020000402                EP1_PrevXferComplete
 .data.EP2_PrevXferComplete
                0x0000000020000403        0x1 build/app/usb_endp.o
                0x0000000020000403                EP2_PrevXferComplete
 .data.pEpInt_IN
                0x0000000020000404       0x1c build/app/usb_istr.o
                0x0000000020000404                pEpInt_IN
 .data.pEpInt_OUT
                0x0000000020000420       0x1c build/app/usb_istr.o
                0x0000000020000420                pEpInt_OUT
 .data.Config_Descriptor
                0x000000002000043c        0x8 build/app/usb_prop.o
                0x000000002000043c                Config_Descriptor
 .data.CustomHID_Hid_Descriptor
                0x0000000020000444        0x8 build/app/usb_prop.o
                0x0000000020000444                CustomHID_Hid_Descriptor
 .data.CustomHID_Report_Descriptor
                0x000000002000044c        0x8 build/app/usb_prop.o
                0x000000002000044c                CustomHID_Report_Descriptor
 .data.Device_Descriptor
                0x0000000020000454        0x8 build/app/usb_prop.o
                0x0000000020000454                Device_Descriptor
 .data.Device_Property
                0x000000002000045c       0x30 build/app/usb_prop.o
                0x000000002000045c                Device_Property
 .data.Device_Table
                0x000000002000048c        0x2 build/app/usb_prop.o
                0x000000002000048c                Device_Table
 *fill*         0x000000002000048e        0x2 
 .data.JoystickHID_Hid_Descriptor
                0x0000000020000490        0x8 build/app/usb_prop.o
                0x0000000020000490                JoystickHID_Hid_Descriptor
 .data.JoystickHID_Report_Descriptor
                0x0000000020000498        0x8 build/app/usb_prop.o
                0x0000000020000498                JoystickHID_Report_Descriptor
 .data.String_Descriptor
                0x00000000200004a0       0x20 build/app/usb_prop.o
                0x00000000200004a0                String_Descriptor
 .data.User_Standard_Requests
                0x00000000200004c0       0x24 build/app/usb_prop.o
                0x00000000200004c0                User_Standard_Requests
 .data.fSuspendEnabled
                0x00000000200004e4        0x1 build/app/usb_pwr.o
                0x00000000200004e4                fSuspendEnabled
 *fill*         0x00000000200004e5        0x3 
 .data.ADCPrescTable
                0x00000000200004e8        0x4 build/app/stm32f10x_rcc.o
 .data.APBAHBPrescTable
                0x00000000200004ec       0x10 build/app/stm32f10x_rcc.o
                0x00000000200004fc                . = ALIGN (0x4)
                0x00000000200004fc                _edata = .

.tm_clone_table
                0x00000000200004fc        0x0 load address 0x000000000800ed0c
 .tm_clone_table
                0x00000000200004fc        0x0 /usr/lib/gcc/arm-none-eabi/9.2.1/thumb/v7-m/nofp/crtbegin.o
 .tm_clone_table
                0x00000000200004fc        0x0 /usr/lib/gcc/arm-none-eabi/9.2.1/thumb/v7-m/nofp/crtend.o

.igot.plt       0x00000000200004fc        0x0 load address 0x000000000800ed0c
 .igot.plt      0x00000000200004fc        0x0 /usr/lib/gcc/arm-none-eabi/9.2.1/thumb/v7-m/nofp/crtbegin.o
                0x00000000200004fc                . = ALIGN (0x4)

.bss            0x0000000020000500     0x15cc load address 0x000000000800ed0c
                0x0000000020000500                _sbss = .
                0x0000000020000500                __bss_start__ = _sbss
 *(.bss)
 .bss           0x0000000020000500       0x1c /usr/lib/gcc/arm-none-eabi/9.2.1/thumb/v7-m/nofp/crtbegin.o
 *(.bss*)
 .bss.adc_cnt   0x000000002000051c        0x1 build/app/analog.o
                0x000000002000051c                adc_cnt
 .bss.sensors_cnt
                0x000000002000051d        0x1 build/app/analog.o
                0x000000002000051d                sensors_cnt
 .bss.a2b_first
                0x000000002000051e        0x1 build/app/buttons.o
                0x000000002000051e                a2b_first
 .bss.a2b_last  0x000000002000051f        0x1 build/app/buttons.o
                0x000000002000051f                a2b_last
 .bss.shifts_state
                0x0000000020000520        0x1 build/app/buttons.o
                0x0000000020000520                shifts_state
 .bss.last_pos.6720
                0x0000000020000521        0x1 build/app/leds.o
 .bss.bootloader
                0x0000000020000522        0x1 build/app/main.o
                0x0000000020000522                bootloader
 *fill*         0x0000000020000523        0x1 
 .bss.adc_ticks
                0x0000000020000524        0x4 build/app/stm32f10x_it.o
                0x0000000020000524                adc_ticks
 .bss.buttons_ticks
                0x0000000020000528        0x4 build/app/stm32f10x_it.o
                0x0000000020000528                buttons_ticks
 .bss.encoder_ticks
                0x000000002000052c        0x4 build/app/stm32f10x_it.o
                0x000000002000052c                encoder_ticks
 .bss.joy_ticks
                0x0000000020000530        0x4 build/app/stm32f10x_it.o
                0x0000000020000530                joy_ticks
 .bss.report.7255
                0x0000000020000534        0x1 build/app/stm32f10x_it.o
 *fill*         0x0000000020000535        0x3 
 .bss.status    0x0000000020000538        0x4 build/app/stm32f10x_it.o
                0x0000000020000538                status
 .bss.ticks     0x000000002000053c        0x4 build/app/stm32f10x_it.o
                0x000000002000053c                ticks
 .bss.tmp_dev_config.7090
                0x0000000020000540      0x388 build/app/usb_endp.o
 .bss.bIntPackSOF
                0x00000000200008c8        0x1 build/app/usb_istr.o
                0x00000000200008c8                bIntPackSOF
 *fill*         0x00000000200008c9        0x3 
 .bss.esof_counter
                0x00000000200008cc        0x4 build/app/usb_istr.o
                0x00000000200008cc                esof_counter
 .bss.wCNTR     0x00000000200008d0        0x4 build/app/usb_istr.o
                0x00000000200008d0                wCNTR
 .bss.Request   0x00000000200008d4        0x1 build/app/usb_prop.o
                0x00000000200008d4                Request
 *fill*         0x00000000200008d5        0x3 
 .bss.bDeviceState
                0x00000000200008d8        0x4 build/app/usb_pwr.o
                0x00000000200008d8                bDeviceState
 .bss.remotewakeupon
                0x00000000200008dc        0x4 build/app/usb_pwr.o
                0x00000000200008dc                remotewakeupon
 .bss.Data_Mul_MaxPacketSize
                0x00000000200008e0        0x1 build/app/usb_core.o
                0x00000000200008e0                Data_Mul_MaxPacketSize
 *fill*         0x00000000200008e1        0x3 
 .bss.DevRemoteWakeup
                0x00000000200008e4        0x4 build/app/usb_core.o
                0x00000000200008e4                DevRemoteWakeup
 *(COMMON)
 COMMON         0x00000000200008e8      0x438 build/app/analog.o
                0x00000000200008e8                tmp_adc_data
                0x00000000200008f8                scaled_axis_data
                0x0000000020000908                axis_buttons
                0x00000000200009c8                axis_trim_value
                0x00000000200009e8                adc_conv_num
                0x00000000200009f0                raw_axis_data
                0x0000000020000a00                deadband_buffer
                0x0000000020000a80                adc_data
                0x0000000020000a90                out_axis_data
                0x0000000020000aa0                filter_buffer
                0x0000000020000be0                sensors
 COMMON         0x0000000020000d20      0x8b8 build/app/buttons.o
                0x0000000020000d20                pov_pos
                0x0000000020000d24                raw_buttons_data
                0x0000000020000da4                log_buttons_data
                0x0000000020000db4                out_buttons_data
                0x0000000020000dc4                pov_data
                0x0000000020000dc8                logical_buttons_state
                0x00000000200011c8                phy_buttons_data
                0x00000000200011d8                physical_buttons_state
 COMMON         0x00000000200015d8       0xc0 build/app/encoders.o
                0x00000000200015d8                encoders_state
 COMMON         0x0000000020001698        0x8 build/app/config.o
                0x0000000020001698                app_config
 COMMON         0x00000000200016a0       0x18 build/app/leds.o
                0x00000000200016a0                leds_state
 COMMON         0x00000000200016b8      0x388 build/app/main.o
                0x00000000200016b8                dev_config
 COMMON         0x0000000020001a40        0xc build/app/periphery.o
                0x0000000020001a40                Ticks
                0x0000000020001a48                TimingDelay
 COMMON         0x0000000020001a4c        0x2 build/app/as5048a.o
                0x0000000020001a4c                gtmp_buf
 *fill*         0x0000000020001a4e        0x2 
 COMMON         0x0000000020001a50       0x10 build/app/shift_registers.o
                0x0000000020001a50                shift_registers
 COMMON         0x0000000020001a60        0x2 build/app/usb_istr.o
                0x0000000020001a60                wIstr
 *fill*         0x0000000020001a62        0x2 
 COMMON         0x0000000020001a64        0x7 build/app/usb_prop.o
                0x0000000020001a64                ProtocolValue
                0x0000000020001a68                Report_Buf
                0x0000000020001a6a                EXTI_Enable
 *fill*         0x0000000020001a6b        0x1 
 COMMON         0x0000000020001a6c       0x24 build/app/usb_pwr.o
                0x0000000020001a6c                ResumeS
                0x0000000020001a70                EP
 COMMON         0x0000000020001a90        0x2 build/app/usb_core.o
                0x0000000020001a90                StatusInfo
 *fill*         0x0000000020001a92        0x2 
 COMMON         0x0000000020001a94       0x32 build/app/usb_init.o
                0x0000000020001a94                SaveState
                0x0000000020001a98                pProperty
                0x0000000020001a9c                EPindex
                0x0000000020001aa0                Device_Info
                0x0000000020001abc                pUser_Standard_Requests
                0x0000000020001ac0                pInformation
                0x0000000020001ac4                wInterrupt_Mask
 COMMON         0x0000000020001ac6        0x4 build/app/usb_int.o
                0x0000000020001ac6                SaveRState
                0x0000000020001ac8                SaveTState
                0x0000000020001acc                . = ALIGN (0x4)
 *fill*         0x0000000020001aca        0x2 
                0x0000000020001acc                _ebss = .
                0x0000000020001acc                __bss_end__ = _ebss

._user_heap_stack
                0x0000000020001acc      0x604 load address 0x000000000800ed0c
                0x0000000020001ad0                . = ALIGN (0x8)
 *fill*         0x0000000020001acc        0x4 
                [!provide]                        PROVIDE (end = .)
                [!provide]                        PROVIDE (_end = .)
                0x0000000020001cd0                . = (. + _Min_Heap_Size)
 *fill*         0x0000000020001ad0      0x200 
                0x00000000200020d0                . = (. + _Min_Stack_Size)
 *fill*         0x0000000020001cd0      0x400 
                0x00000000200020d0                . = ALIGN (0x8)

/DISCARD/
 libc.a(*)
 libm.a(*)
 libgcc.a(*)

.ARM.attributes
                0x0000000000000000       0x29
 *(.ARM.attributes)
 .ARM.attributes
                0x0000000000000000       0x1d /usr/lib/gcc/arm-none-eabi/9.2.1/thumb/v7-m/nofp/crti.o
 .ARM.attributes
                0x000000000000001d       0x2d /usr/lib/gcc/arm-none-eabi/9.2.1/thumb/v7-m/nofp/crtbegin.o
 .ARM.attributes
                0x000000000000004a       0x2d build/app/analog.o
 .ARM.attributes
                0x0000000000000077       0x2d build/app/axis_to_buttons.o
 .ARM.attributes
                0x00000000000000a4       0x2d build/app/buttons.o
 .ARM.attributes
                0x00000000000000d1       0x2d build/app/encoders.o
 .ARM.attributes
                0x00000000000000fe       0x2d build/app/config.o
 .ARM.attributes
                0x000000000000012b       0x2d build/app/leds.o
 .ARM.attributes
                0x0000000000000158       0x2d build/app/main.o
 .ARM.attributes
                0x0000000000000185       0x2d build/app/periphery.o
 .ARM.attributes
                0x00000000000001b2       0x2d build/app/tle5011.o
 .ARM.attributes
                0x00000000000001df       0x2d build/app/tle5012.o
 .ARM.attributes
                0x000000000000020c       0x2d build/app/as5600.o
 .ARM.attributes
                0x0000000000000239       0x2d build/app/as5048a.o
 .ARM.attributes
                0x0000000000000266       0x2d build/app/ads1115.o
 .ARM.attributes
                0x0000000000000293       0x2d build/app/mlx90393.o
 .ARM.attributes
                0x00000000000002c0       0x2d build/app/mcp320x.o
 .ARM.attributes
                0x00000000000002ed       0x2d build/app/shift_registers.o
 .ARM.attributes
                0x000000000000031a       0x2d build/app/spi.o
 .ARM.attributes
                0x0000000000000347       0x2d build/app/i2c.o
 .ARM.attributes
                0x0000000000000374       0x2d build/app/stm32f10x_it.o
 .ARM.attributes
                0x00000000000003a1       0x33 build/app/usb_desc.o
 .ARM.attributes
                0x00000000000003d4       0x2d build/app/usb_endp.o
 .ARM.attributes
                0x0000000000000401       0x2d build/app/usb_hw.o
 .ARM.attributes
                0x000000000000042e       0x2d build/app/usb_istr.o
 .ARM.attributes
                0x000000000000045b       0x2d build/app/usb_prop.o
 .ARM.attributes
                0x0000000000000488       0x2d build/app/usb_pwr.o
 .ARM.attributes
                0x00000000000004b5       0x2d build/app/system_stm32f10x.o
 .ARM.attributes
                0x00000000000004e2       0x2d build/app/misc.o
 .ARM.attributes
                0x000000000000050f       0x2d build/app/stm32f10x_adc.o
 .ARM.attributes
                0x000000000000053c       0x2d build/app/stm32f10x_dma.o
 .ARM.attributes
                0x0000000000000569       0x2d build/app/stm32f10x_flash.o
 .ARM.attributes
                0x0000000000000596       0x2d build/app/stm32f10x_gpio.o
 .ARM.attributes
                0x00000000000005c3       0x2d build/app/stm32f10x_rcc.o
 .ARM.attributes
                0x00000000000005f0       0x2d build/app/stm32f10x_spi.o
 .ARM.attributes
                0x000000000000061d       0x2d build/app/stm32f10x_i2c.o
 .ARM.attributes
                0x000000000000064a       0x2d build/app/stm32f10x_tim.o
 .ARM.attributes
                0x0000000000000677       0x2d build/app/usb_core.o
 .ARM.attributes
                0x00000000000006a4       0x2d build/app/usb_init.o
 .ARM.attributes
                0x00000000000006d1       0x2d build/app/usb_int.o
 .ARM.attributes
                0x00000000000006fe       0x2d build/app/usb_mem.o
 .ARM.attributes
                0x000000000000072b       0x2d build/app/usb_regs.o
 .ARM.attributes
                0x0000000000000758       0x2d build/app/usb_sil.o
 .ARM.attributes
                0x0000000000000785       0x21 build/app/startup_stm32f103xb.o
 .ARM.attributes
                0x00000000000007a6       0x2d /usr/lib/gcc/arm-none-eabi/9.2.1/../../../arm-none-eabi/lib/thumb/v7-m/nofp/libc_nano.a(lib_a-init.o)
 .ARM.attributes
                0x00000000000007d3       0x2d /usr/lib/gcc/arm-none-eabi/9.2.1/../../../arm-none-eabi/lib/thumb/v7-m/nofp/libc_nano.a(lib_a-memset.o)
 .ARM.attributes
                0x0000000000000800       0x1b /usr/lib/gcc/arm-none-eabi/9.2.1/../../../arm-none-eabi/lib/thumb/v7-m/nofp/libc_nano.a(lib_a-strcmp.o)
 .ARM.attributes
                0x000000000000081b       0x2d /usr/lib/gcc/arm-none-eabi/9.2.1/../../../arm-none-eabi/lib/thumb/v7-m/nofp/libm.a(lib_a-wf_atan2.o)
 .ARM.attributes
                0x0000000000000848       0x2d /usr/lib/gcc/arm-none-eabi/9.2.1/../../../arm-none-eabi/lib/thumb/v7-m/nofp/libm.a(lib_a-ef_atan2.o)
 .ARM.attributes
                0x0000000000000875       0x2d /usr/lib/gcc/arm-none-eabi/9.2.1/../../../arm-none-eabi/lib/thumb/v7-m/nofp/libm.a(lib_a-sf_atan.o)
 .ARM.attributes
                0x00000000000008a2       0x2d /usr/lib/gcc/arm-none-eabi/9.2.1/../../../arm-none-eabi/lib/thumb/v7-m/nofp/libm.a(lib_a-sf_fabs.o)
 .ARM.attributes
                0x00000000000008cf       0x1d /usr/lib/gcc/arm-none-eabi/9.2.1/thumb/v7-m/nofp/libgcc.a(_arm_addsubdf3.o)
 .ARM.attributes
                0x00000000000008ec       0x1d /usr/lib/gcc/arm-none-eabi/9.2.1/thumb/v7-m/nofp/libgcc.a(_arm_muldivdf3.o)
 .ARM.attributes
                0x0000000000000909       0x1d /usr/lib/gcc/arm-none-eabi/9.2.1/thumb/v7-m/nofp/libgcc.a(_arm_fixunsdfsi.o)
 .ARM.attributes
                0x0000000000000926       0x1d /usr/lib/gcc/arm-none-eabi/9.2.1/thumb/v7-m/nofp/libgcc.a(_arm_truncdfsf2.o)
 .ARM.attributes
                0x0000000000000943       0x1d /usr/lib/gcc/arm-none-eabi/9.2.1/thumb/v7-m/nofp/libgcc.a(_arm_addsubsf3.o)
 .ARM.attributes
                0x0000000000000960       0x1d /usr/lib/gcc/arm-none-eabi/9.2.1/thumb/v7-m/nofp/libgcc.a(_arm_muldivsf3.o)
 .ARM.attributes
                0x000000000000097d       0x1d /usr/lib/gcc/arm-none-eabi/9.2.1/thumb/v7-m/nofp/libgcc.a(_arm_cmpsf2.o)
 .ARM.attributes
                0x000000000000099a       0x1d /usr/lib/gcc/arm-none-eabi/9.2.1/thumb/v7-m/nofp/libgcc.a(_arm_fixsfsi.o)
 .ARM.attributes
                0x00000000000009b7       0x2d /usr/lib/gcc/arm-none-eabi/9.2.1/thumb/v7-m/nofp/crtend.o
 .ARM.attributes
                0x00000000000009e4       0x1d /usr/lib/gcc/arm-none-eabi/9.2.1/thumb/v7-m/nofp/crtn.o
OUTPUT(build/app/FreeJoy.elf elf32-littlearm)
LOAD linker stubs
LOAD /usr/lib/gcc/arm-none-eabi/9.2.1/../../../arm-none-eabi/lib/thumb/v7-m/nofp/libc.a
LOAD /usr/lib/gcc/arm-none-eabi/9.2.1/../../../arm-none-eabi/lib/thumb/v7-m/nofp/libm.a
LOAD /usr/lib/gcc/arm-none-eabi/9.2.1/thumb/v7-m/nofp/libgcc.a

.comment        0x0000000000000000       0xa7
 .comment       0x0000000000000000       0x59 /usr/lib/gcc/arm-none-eabi/9.2.1/thumb/v7-m/nofp/crtbegin.o
                                         0x5a (size before relaxing)
 .comment       0x0000000000000059       0x5a build/app/analog.o
 .comment       0x0000000000000059       0x5a build/app/axis_to_buttons.o
 .comment       0x0000000000000059       0x5a build/app/buttons.o
 .comment       0x0000000000000059       0x5a build/app/encoders.o
 .comment       0x0000000000000059       0x5a build/app/config.o
 .comment       0x0000000000000059       0x5a build/app/leds.o
 .comment       0x0000000000000059       0x5a build/app/main.o
 .comment       0x0000000000000059       0x5a build/app/periphery.o
 .comment       0x0000000000000059       0x5a build/app/tle5011.o
 .comment       0x0000000000000059       0x5a build/app/tle5012.o
 .comment       0x0000000000000059       0x5a build/app/as5600.o
 .comment       0x0000000000000059       0x5a build/app/as5048a.o
 .comment       0x0000000000000059       0x5a build/app/ads1115.o
 .comment       0x0000000000000059       0x5a build/app/mlx90393.o
 .comment       0x0000000000000059       0x5a build/app/mcp320x.o
 .comment       0x0000000000000059       0x5a build/app/shift_registers.o
 .comment       0x0000000000000059       0x5a build/app/spi.o
 .comment       0x0000000000000059       0x5a build/app/i2c.o
 .comment       0x0000000000000059       0x5a build/app/stm32f10x_it.o
 .comment       0x0000000000000059       0x5a build/app/usb_desc.o
 .comment       0x0000000000000059       0x5a build/app/usb_endp.o
 .comment       0x0000000000000059       0x5a build/app/usb_hw.o
 .comment       0x0000000000000059       0x5a build/app/usb_istr.o
 .comment       0x0000000000000059       0x5a build/app/usb_prop.o
 .comment       0x0000000000000059       0x5a build/app/usb_pwr.o
 .comment       0x0000000000000059       0x5a build/app/system_stm32f10x.o
 .comment       0x0000000000000059       0x5a build/app/misc.o
 .comment       0x0000000000000059       0x5a build/app/stm32f10x_adc.o
 .comment       0x0000000000000059       0x5a build/app/stm32f10x_dma.o
 .comment       0x0000000000000059       0x5a build/app/stm32f10x_flash.o
 .comment       0x0000000000000059       0x5a build/app/stm32f10x_gpio.o
 .comment       0x0000000000000059       0x5a build/app/stm32f10x_rcc.o
 .comment       0x0000000000000059       0x5a build/app/stm32f10x_spi.o
 .comment       0x0000000000000059       0x5a build/app/stm32f10x_i2c.o
 .comment       0x0000000000000059       0x5a build/app/stm32f10x_tim.o
 .comment       0x0000000000000059       0x5a build/app/usb_core.o
 .comment       0x0000000000000059       0x5a build/app/usb_init.o
 .comment       0x0000000000000059       0x5a build/app/usb_int.o
 .comment       0x0000000000000059       0x5a build/app/usb_mem.o
 .comment       0x0000000000000059       0x5a build/app/usb_regs.o
 .comment       0x0000000000000059       0x5a build/app/usb_sil.o
 .comment       0x0000000000000059       0x4e /usr/lib/gcc/arm-none-eabi/9.2.1/../../../arm-none-eabi/lib/thumb/v7-m/nofp/libc_nano.a(lib_a-init.o)
                                         0x4f (size before relaxing)
 .comment       0x00000000000000a7       0x4f /usr/lib/gcc/arm-none-eabi/9.2.1/../../../arm-none-eabi/lib/thumb/v7-m/nofp/libc_nano.a(lib_a-memset.o)
 .comment       0x00000000000000a7       0x4f /usr/lib/gcc/arm-none-eabi/9.2.1/../../../arm-none-eabi/lib/thumb/v7-m/nofp/libm.a(lib_a-wf_atan2.o)
 .comment       0x00000000000000a7       0x4f /usr/lib/gcc/arm-none-eabi/9.2.1/../../../arm-none-eabi/lib/thumb/v7-m/nofp/libm.a(lib_a-ef_atan2.o)
 .comment       0x00000000000000a7       0x4f /usr/lib/gcc/arm-none-eabi/9.2.1/../../../arm-none-eabi/lib/thumb/v7-m/nofp/libm.a(lib_a-sf_atan.o)
 .comment       0x00000000000000a7       0x4f /usr/lib/gcc/arm-none-eabi/9.2.1/../../../arm-none-eabi/lib/thumb/v7-m/nofp/libm.a(lib_a-sf_fabs.o)
 .comment       0x00000000000000a7       0x5a /usr/lib/gcc/arm-none-eabi/9.2.1/thumb/v7-m/nofp/crtend.o

.debug_info     0x0000000000000000    0x36d65
 .debug_info    0x0000000000000000     0x3811 build/app/analog.o
 .debug_info    0x0000000000003811     0x1532 build/app/axis_to_buttons.o
 .debug_info    0x0000000000004d43     0x2692 build/app/buttons.o
 .debug_info    0x00000000000073d5     0x1e1b build/app/encoders.o
 .debug_info    0x00000000000091f0     0x1686 build/app/config.o
 .debug_info    0x000000000000a876     0x16fe build/app/leds.o
 .debug_info    0x000000000000bf74     0x29de build/app/main.o
 .debug_info    0x000000000000e952     0x26bf build/app/periphery.o
 .debug_info    0x0000000000011011     0x1383 build/app/tle5011.o
 .debug_info    0x0000000000012394     0x131f build/app/tle5012.o
 .debug_info    0x00000000000136b3      0xdd6 build/app/as5600.o
 .debug_info    0x0000000000014489      0xf0e build/app/as5048a.o
 .debug_info    0x0000000000015397      0xf40 build/app/ads1115.o
 .debug_info    0x00000000000162d7     0x189f build/app/mlx90393.o
 .debug_info    0x0000000000017b76      0xe5d build/app/mcp320x.o
 .debug_info    0x00000000000189d3     0x18e2 build/app/shift_registers.o
 .debug_info    0x000000000001a2b5     0x1009 build/app/spi.o
 .debug_info    0x000000000001b2be     0x15e4 build/app/i2c.o
 .debug_info    0x000000000001c8a2     0x2e21 build/app/stm32f10x_it.o
 .debug_info    0x000000000001f6c3      0x6fd build/app/usb_desc.o
 .debug_info    0x000000000001fdc0     0x1ea5 build/app/usb_endp.o
 .debug_info    0x0000000000021c65     0x210a build/app/usb_hw.o
 .debug_info    0x0000000000023d6f      0x726 build/app/usb_istr.o
 .debug_info    0x0000000000024495     0x10c2 build/app/usb_prop.o
 .debug_info    0x0000000000025557      0x83a build/app/usb_pwr.o
 .debug_info    0x0000000000025d91      0x4f7 build/app/system_stm32f10x.o
 .debug_info    0x0000000000026288      0x5a1 build/app/misc.o
 .debug_info    0x0000000000026829      0xe2d build/app/stm32f10x_adc.o
 .debug_info    0x0000000000027656      0x50c build/app/stm32f10x_dma.o
 .debug_info    0x0000000000027b62     0x1cbe build/app/stm32f10x_flash.o
 .debug_info    0x0000000000029820      0x996 build/app/stm32f10x_gpio.o
 .debug_info    0x000000000002a1b6      0xaae build/app/stm32f10x_rcc.o
 .debug_info    0x000000000002ac64      0xb5e build/app/stm32f10x_spi.o
 .debug_info    0x000000000002b7c2      0xd61 build/app/stm32f10x_i2c.o
 .debug_info    0x000000000002c523     0x2be5 build/app/stm32f10x_tim.o
 .debug_info    0x000000000002f108     0x1212 build/app/usb_core.o
 .debug_info    0x000000000003031a      0x5ca build/app/usb_init.o
 .debug_info    0x00000000000308e4      0x6b2 build/app/usb_int.o
 .debug_info    0x0000000000030f96      0x6a4 build/app/usb_mem.o
 .debug_info    0x000000000003163a     0x13f2 build/app/usb_regs.o
 .debug_info    0x0000000000032a2c      0x6ff build/app/usb_sil.o
 .debug_info    0x000000000003312b       0x22 build/app/startup_stm32f103xb.o
 .debug_info    0x000000000003314d      0x11a /usr/lib/gcc/arm-none-eabi/9.2.1/../../../arm-none-eabi/lib/thumb/v7-m/nofp/libc_nano.a(lib_a-init.o)
 .debug_info    0x0000000000033267      0xf21 /usr/lib/gcc/arm-none-eabi/9.2.1/../../../arm-none-eabi/lib/thumb/v7-m/nofp/libc_nano.a(lib_a-memset.o)
 .debug_info    0x0000000000034188       0x26 /usr/lib/gcc/arm-none-eabi/9.2.1/../../../arm-none-eabi/lib/thumb/v7-m/nofp/libc_nano.a(lib_a-strcmp.o)
 .debug_info    0x00000000000341ae      0x9da /usr/lib/gcc/arm-none-eabi/9.2.1/../../../arm-none-eabi/lib/thumb/v7-m/nofp/libm.a(lib_a-wf_atan2.o)
 .debug_info    0x0000000000034b88      0xb8c /usr/lib/gcc/arm-none-eabi/9.2.1/../../../arm-none-eabi/lib/thumb/v7-m/nofp/libm.a(lib_a-ef_atan2.o)
 .debug_info    0x0000000000035714      0xb21 /usr/lib/gcc/arm-none-eabi/9.2.1/../../../arm-none-eabi/lib/thumb/v7-m/nofp/libm.a(lib_a-sf_atan.o)
 .debug_info    0x0000000000036235      0xa00 /usr/lib/gcc/arm-none-eabi/9.2.1/../../../arm-none-eabi/lib/thumb/v7-m/nofp/libm.a(lib_a-sf_fabs.o)
 .debug_info    0x0000000000036c35       0x26 /usr/lib/gcc/arm-none-eabi/9.2.1/thumb/v7-m/nofp/libgcc.a(_arm_addsubdf3.o)
 .debug_info    0x0000000000036c5b       0x26 /usr/lib/gcc/arm-none-eabi/9.2.1/thumb/v7-m/nofp/libgcc.a(_arm_muldivdf3.o)
 .debug_info    0x0000000000036c81       0x26 /usr/lib/gcc/arm-none-eabi/9.2.1/thumb/v7-m/nofp/libgcc.a(_arm_fixunsdfsi.o)
 .debug_info    0x0000000000036ca7       0x26 /usr/lib/gcc/arm-none-eabi/9.2.1/thumb/v7-m/nofp/libgcc.a(_arm_truncdfsf2.o)
 .debug_info    0x0000000000036ccd       0x26 /usr/lib/gcc/arm-none-eabi/9.2.1/thumb/v7-m/nofp/libgcc.a(_arm_addsubsf3.o)
 .debug_info    0x0000000000036cf3       0x26 /usr/lib/gcc/arm-none-eabi/9.2.1/thumb/v7-m/nofp/libgcc.a(_arm_muldivsf3.o)
 .debug_info    0x0000000000036d19       0x26 /usr/lib/gcc/arm-none-eabi/9.2.1/thumb/v7-m/nofp/libgcc.a(_arm_cmpsf2.o)
 .debug_info    0x0000000000036d3f       0x26 /usr/lib/gcc/arm-none-eabi/9.2.1/thumb/v7-m/nofp/libgcc.a(_arm_fixsfsi.o)

.debug_abbrev   0x0000000000000000     0x8a2c
 .debug_abbrev  0x0000000000000000      0x5cf build/app/analog.o
 .debug_abbrev  0x00000000000005cf      0x313 build/app/axis_to_buttons.o
 .debug_abbrev  0x00000000000008e2      0x582 build/app/buttons.o
 .debug_abbrev  0x0000000000000e64      0x3f5 build/app/encoders.o
 .debug_abbrev  0x0000000000001259      0x3a8 build/app/config.o
 .debug_abbrev  0x0000000000001601      0x393 build/app/leds.o
 .debug_abbrev  0x0000000000001994      0x3cf build/app/main.o
 .debug_abbrev  0x0000000000001d63      0x491 build/app/periphery.o
 .debug_abbrev  0x00000000000021f4      0x386 build/app/tle5011.o
 .debug_abbrev  0x000000000000257a      0x37e build/app/tle5012.o
 .debug_abbrev  0x00000000000028f8      0x28b build/app/as5600.o
 .debug_abbrev  0x0000000000002b83      0x312 build/app/as5048a.o
 .debug_abbrev  0x0000000000002e95      0x28a build/app/ads1115.o
 .debug_abbrev  0x000000000000311f      0x38e build/app/mlx90393.o
 .debug_abbrev  0x00000000000034ad      0x29b build/app/mcp320x.o
 .debug_abbrev  0x0000000000003748      0x348 build/app/shift_registers.o
 .debug_abbrev  0x0000000000003a90      0x249 build/app/spi.o
 .debug_abbrev  0x0000000000003cd9      0x2a4 build/app/i2c.o
 .debug_abbrev  0x0000000000003f7d      0x418 build/app/stm32f10x_it.o
 .debug_abbrev  0x0000000000004395      0x161 build/app/usb_desc.o
 .debug_abbrev  0x00000000000044f6      0x43e build/app/usb_endp.o
 .debug_abbrev  0x0000000000004934      0x4d1 build/app/usb_hw.o
 .debug_abbrev  0x0000000000004e05      0x1e1 build/app/usb_istr.o
 .debug_abbrev  0x0000000000004fe6      0x312 build/app/usb_prop.o
 .debug_abbrev  0x00000000000052f8      0x2eb build/app/usb_pwr.o
 .debug_abbrev  0x00000000000055e3      0x1ee build/app/system_stm32f10x.o
 .debug_abbrev  0x00000000000057d1      0x1ba build/app/misc.o
 .debug_abbrev  0x000000000000598b      0x270 build/app/stm32f10x_adc.o
 .debug_abbrev  0x0000000000005bfb      0x25f build/app/stm32f10x_dma.o
 .debug_abbrev  0x0000000000005e5a      0x2e9 build/app/stm32f10x_flash.o
 .debug_abbrev  0x0000000000006143      0x278 build/app/stm32f10x_gpio.o
 .debug_abbrev  0x00000000000063bb      0x2e1 build/app/stm32f10x_rcc.o
 .debug_abbrev  0x000000000000669c      0x257 build/app/stm32f10x_spi.o
 .debug_abbrev  0x00000000000068f3      0x2e9 build/app/stm32f10x_i2c.o
 .debug_abbrev  0x0000000000006bdc      0x355 build/app/stm32f10x_tim.o
 .debug_abbrev  0x0000000000006f31      0x49d build/app/usb_core.o
 .debug_abbrev  0x00000000000073ce      0x137 build/app/usb_init.o
 .debug_abbrev  0x0000000000007505      0x1a6 build/app/usb_int.o
 .debug_abbrev  0x00000000000076ab      0x169 build/app/usb_mem.o
 .debug_abbrev  0x0000000000007814      0x36e build/app/usb_regs.o
 .debug_abbrev  0x0000000000007b82      0x1bf build/app/usb_sil.o
 .debug_abbrev  0x0000000000007d41       0x12 build/app/startup_stm32f103xb.o
 .debug_abbrev  0x0000000000007d53       0xcc /usr/lib/gcc/arm-none-eabi/9.2.1/../../../arm-none-eabi/lib/thumb/v7-m/nofp/libc_nano.a(lib_a-init.o)
 .debug_abbrev  0x0000000000007e1f      0x1d9 /usr/lib/gcc/arm-none-eabi/9.2.1/../../../arm-none-eabi/lib/thumb/v7-m/nofp/libc_nano.a(lib_a-memset.o)
 .debug_abbrev  0x0000000000007ff8       0x14 /usr/lib/gcc/arm-none-eabi/9.2.1/../../../arm-none-eabi/lib/thumb/v7-m/nofp/libc_nano.a(lib_a-strcmp.o)
 .debug_abbrev  0x000000000000800c      0x240 /usr/lib/gcc/arm-none-eabi/9.2.1/../../../arm-none-eabi/lib/thumb/v7-m/nofp/libm.a(lib_a-wf_atan2.o)
 .debug_abbrev  0x000000000000824c      0x28e /usr/lib/gcc/arm-none-eabi/9.2.1/../../../arm-none-eabi/lib/thumb/v7-m/nofp/libm.a(lib_a-ef_atan2.o)
 .debug_abbrev  0x00000000000084da      0x27d /usr/lib/gcc/arm-none-eabi/9.2.1/../../../arm-none-eabi/lib/thumb/v7-m/nofp/libm.a(lib_a-sf_atan.o)
 .debug_abbrev  0x0000000000008757      0x235 /usr/lib/gcc/arm-none-eabi/9.2.1/../../../arm-none-eabi/lib/thumb/v7-m/nofp/libm.a(lib_a-sf_fabs.o)
 .debug_abbrev  0x000000000000898c       0x14 /usr/lib/gcc/arm-none-eabi/9.2.1/thumb/v7-m/nofp/libgcc.a(_arm_addsubdf3.o)
 .debug_abbrev  0x00000000000089a0       0x14 /usr/lib/gcc/arm-none-eabi/9.2.1/thumb/v7-m/nofp/libgcc.a(_arm_muldivdf3.o)
 .debug_abbrev  0x00000000000089b4       0x14 /usr/lib/gcc/arm-none-eabi/9.2.1/thumb/v7-m/nofp/libgcc.a(_arm_fixunsdfsi.o)
 .debug_abbrev  0x00000000000089c8       0x14 /usr/lib/gcc/arm-none-eabi/9.2.1/thumb/v7-m/nofp/libgcc.a(_arm_truncdfsf2.o)
 .debug_abbrev  0x00000000000089dc       0x14 /usr/lib/gcc/arm-none-eabi/9.2.1/thumb/v7-m/nofp/libgcc.a(_arm_addsubsf3.o)
 .debug_abbrev  0x00000000000089f0       0x14 /usr/lib/gcc/arm-none-eabi/9.2.1/thumb/v7-m/nofp/libgcc.a(_arm_muldivsf3.o)
 .debug_abbrev  0x0000000000008a04       0x14 /usr/lib/gcc/arm-none-eabi/9.2.1/thumb/v7-m/nofp/libgcc.a(_arm_cmpsf2.o)
 .debug_abbrev  0x0000000000008a18       0x14 /usr/lib/gcc/arm-none-eabi/9.2.1/thumb/v7-m/nofp/libgcc.a(_arm_fixsfsi.o)

.debug_loc      0x0000000000000000    0x1b662
 .debug_loc     0x0000000000000000     0x4d94 build/app/analog.o
 .debug_loc     0x0000000000004d94      0x2fa build/app/axis_to_buttons.o
 .debug_loc     0x000000000000508e     0x1ae2 build/app/buttons.o
 .debug_loc     0x0000000000006b70      0x9ad build/app/encoders.o
 .debug_loc     0x000000000000751d      0x401 build/app/config.o
 .debug_loc     0x000000000000791e      0x486 build/app/leds.o
 .debug_loc     0x0000000000007da4       0x42 build/app/main.o
 .debug_loc     0x0000000000007de6      0x4b8 build/app/periphery.o
 .debug_loc     0x000000000000829e      0x6f0 build/app/tle5011.o
 .debug_loc     0x000000000000898e      0x651 build/app/tle5012.o
 .debug_loc     0x0000000000008fdf      0x140 build/app/as5600.o
 .debug_loc     0x000000000000911f      0x281 build/app/as5048a.o
 .debug_loc     0x00000000000093a0      0x32f build/app/ads1115.o
 .debug_loc     0x00000000000096cf      0xcd4 build/app/mlx90393.o
 .debug_loc     0x000000000000a3a3      0x1fb build/app/mcp320x.o
 .debug_loc     0x000000000000a59e     0x1032 build/app/shift_registers.o
 .debug_loc     0x000000000000b5d0      0x4e2 build/app/spi.o
 .debug_loc     0x000000000000bab2      0x7aa build/app/i2c.o
 .debug_loc     0x000000000000c25c      0xd81 build/app/stm32f10x_it.o
 .debug_loc     0x000000000000cfdd      0x2e9 build/app/usb_endp.o
 .debug_loc     0x000000000000d2c6      0x932 build/app/usb_hw.o
 .debug_loc     0x000000000000dbf8      0x188 build/app/usb_istr.o
 .debug_loc     0x000000000000dd80      0x361 build/app/usb_prop.o
 .debug_loc     0x000000000000e0e1      0x385 build/app/usb_pwr.o
 .debug_loc     0x000000000000e466      0x126 build/app/system_stm32f10x.o
 .debug_loc     0x000000000000e58c      0x1d6 build/app/misc.o
 .debug_loc     0x000000000000e762      0xc0e build/app/stm32f10x_adc.o
 .debug_loc     0x000000000000f370      0x1fc build/app/stm32f10x_dma.o
 .debug_loc     0x000000000000f56c     0x3a45 build/app/stm32f10x_flash.o
 .debug_loc     0x0000000000012fb1     0x16ed build/app/stm32f10x_gpio.o
 .debug_loc     0x000000000001469e      0x75f build/app/stm32f10x_rcc.o
 .debug_loc     0x0000000000014dfd      0x76e build/app/stm32f10x_spi.o
 .debug_loc     0x000000000001556b      0x89b build/app/stm32f10x_i2c.o
 .debug_loc     0x0000000000015e06     0x27a4 build/app/stm32f10x_tim.o
 .debug_loc     0x00000000000185aa      0xf8d build/app/usb_core.o
 .debug_loc     0x0000000000019537       0x2c build/app/usb_init.o
 .debug_loc     0x0000000000019563      0x10f build/app/usb_int.o
 .debug_loc     0x0000000000019672      0x253 build/app/usb_mem.o
 .debug_loc     0x00000000000198c5      0xc36 build/app/usb_regs.o
 .debug_loc     0x000000000001a4fb      0x155 build/app/usb_sil.o
 .debug_loc     0x000000000001a650       0xba /usr/lib/gcc/arm-none-eabi/9.2.1/../../../arm-none-eabi/lib/thumb/v7-m/nofp/libc_nano.a(lib_a-init.o)
 .debug_loc     0x000000000001a70a      0x231 /usr/lib/gcc/arm-none-eabi/9.2.1/../../../arm-none-eabi/lib/thumb/v7-m/nofp/libc_nano.a(lib_a-memset.o)
 .debug_loc     0x000000000001a93b       0x4e /usr/lib/gcc/arm-none-eabi/9.2.1/../../../arm-none-eabi/lib/thumb/v7-m/nofp/libm.a(lib_a-wf_atan2.o)
 .debug_loc     0x000000000001a989      0x772 /usr/lib/gcc/arm-none-eabi/9.2.1/../../../arm-none-eabi/lib/thumb/v7-m/nofp/libm.a(lib_a-ef_atan2.o)
 .debug_loc     0x000000000001b0fb      0x4f0 /usr/lib/gcc/arm-none-eabi/9.2.1/../../../arm-none-eabi/lib/thumb/v7-m/nofp/libm.a(lib_a-sf_atan.o)
 .debug_loc     0x000000000001b5eb       0x77 /usr/lib/gcc/arm-none-eabi/9.2.1/../../../arm-none-eabi/lib/thumb/v7-m/nofp/libm.a(lib_a-sf_fabs.o)

.debug_aranges  0x0000000000000000     0x1508
 .debug_aranges
                0x0000000000000000       0x70 build/app/analog.o
 .debug_aranges
                0x0000000000000070       0x28 build/app/axis_to_buttons.o
 .debug_aranges
                0x0000000000000098       0x80 build/app/buttons.o
 .debug_aranges
                0x0000000000000118       0x28 build/app/encoders.o
 .debug_aranges
                0x0000000000000140       0x40 build/app/config.o
 .debug_aranges
                0x0000000000000180       0x38 build/app/leds.o
 .debug_aranges
                0x00000000000001b8       0x28 build/app/main.o
 .debug_aranges
                0x00000000000001e0       0x58 build/app/periphery.o
 .debug_aranges
                0x0000000000000238       0x40 build/app/tle5011.o
 .debug_aranges
                0x0000000000000278       0x40 build/app/tle5012.o
 .debug_aranges
                0x00000000000002b8       0x40 build/app/as5600.o
 .debug_aranges
                0x00000000000002f8       0x38 build/app/as5048a.o
 .debug_aranges
                0x0000000000000330       0x48 build/app/ads1115.o
 .debug_aranges
                0x0000000000000378       0x60 build/app/mlx90393.o
 .debug_aranges
                0x00000000000003d8       0x30 build/app/mcp320x.o
 .debug_aranges
                0x0000000000000408       0x30 build/app/shift_registers.o
 .debug_aranges
                0x0000000000000438       0x38 build/app/spi.o
 .debug_aranges
                0x0000000000000470       0x40 build/app/i2c.o
 .debug_aranges
                0x00000000000004b0       0x80 build/app/stm32f10x_it.o
 .debug_aranges
                0x0000000000000530       0x18 build/app/usb_desc.o
 .debug_aranges
                0x0000000000000548       0x40 build/app/usb_endp.o
 .debug_aranges
                0x0000000000000588       0x60 build/app/usb_hw.o
 .debug_aranges
                0x00000000000005e8       0x20 build/app/usb_istr.o
 .debug_aranges
                0x0000000000000608       0xa8 build/app/usb_prop.o
 .debug_aranges
                0x00000000000006b0       0x40 build/app/usb_pwr.o
 .debug_aranges
                0x00000000000006f0       0x28 build/app/system_stm32f10x.o
 .debug_aranges
                0x0000000000000718       0x40 build/app/misc.o
 .debug_aranges
                0x0000000000000758      0x138 build/app/stm32f10x_adc.o
 .debug_aranges
                0x0000000000000890       0x60 build/app/stm32f10x_dma.o
 .debug_aranges
                0x00000000000008f0       0xd8 build/app/stm32f10x_flash.o
 .debug_aranges
                0x00000000000009c8       0xa8 build/app/stm32f10x_gpio.o
 .debug_aranges
                0x0000000000000a70      0x118 build/app/stm32f10x_rcc.o
 .debug_aranges
                0x0000000000000b88       0xd0 build/app/stm32f10x_spi.o
 .debug_aranges
                0x0000000000000c58      0x110 build/app/stm32f10x_i2c.o
 .debug_aranges
                0x0000000000000d68      0x2c0 build/app/stm32f10x_tim.o
 .debug_aranges
                0x0000000000001028       0x98 build/app/usb_core.o
 .debug_aranges